Component: ARM Compiler 5.06 update 6 (build 750) Tool: armlink [4d35ed]

==============================================================================

Section Cross References

    hiduser.o(i.HID_GetIdle) refers to usbcore.o(.data) for SetupPacket
    hiduser.o(i.HID_GetIdle) refers to hiduser.o(.data) for HID_IdleTime
    hiduser.o(i.HID_GetProtocol) refers to hiduser.o(.data) for HID_Protocol
    hiduser.o(i.HID_GetProtocol) refers to usbcore.o(.data) for EP0Buf
    hiduser.o(i.HID_GetReport) refers to main.o(i.GetInReport) for GetInReport
    hiduser.o(i.HID_GetReport) refers to main.o(i.GetFeatureReport) for GetFeatureReport
    hiduser.o(i.HID_GetReport) refers to usbcore.o(.data) for SetupPacket
    hiduser.o(i.HID_GetReport) refers to main.o(.data) for InReport
    hiduser.o(i.HID_SetIdle) refers to usbcore.o(.data) for SetupPacket
    hiduser.o(i.HID_SetIdle) refers to hiduser.o(.data) for HID_IdleTime
    hiduser.o(i.HID_SetProtocol) refers to usbcore.o(.data) for SetupPacket
    hiduser.o(i.HID_SetProtocol) refers to hiduser.o(.data) for HID_Protocol
    hiduser.o(i.HID_SetReport) refers to main.o(i.SetOutReport) for SetOutReport
    hiduser.o(i.HID_SetReport) refers to main.o(i.SetFeatureReport) for SetFeatureReport
    hiduser.o(i.HID_SetReport) refers to usbcore.o(.data) for SetupPacket
    hiduser.o(i.HID_SetReport) refers to main.o(.data) for OutReport
    main.o(i.Clock_Configure) refers to mdr32f9qx_rst_clk.o(i.RST_CLK_HSEconfig) for RST_CLK_HSEconfig
    main.o(i.Clock_Configure) refers to mdr32f9qx_rst_clk.o(i.RST_CLK_HSEstatus) for RST_CLK_HSEstatus
    main.o(i.Clock_Configure) refers to mdr32f9qx_rst_clk.o(i.RST_CLK_CPU_PLLconfig) for RST_CLK_CPU_PLLconfig
    main.o(i.Clock_Configure) refers to mdr32f9qx_rst_clk.o(i.RST_CLK_CPU_PLLcmd) for RST_CLK_CPU_PLLcmd
    main.o(i.Clock_Configure) refers to mdr32f9qx_rst_clk.o(i.RST_CLK_CPU_PLLstatus) for RST_CLK_CPU_PLLstatus
    main.o(i.Clock_Configure) refers to mdr32f9qx_rst_clk.o(i.RST_CLK_CPUclkPrescaler) for RST_CLK_CPUclkPrescaler
    main.o(i.Clock_Configure) refers to mdr32f9qx_rst_clk.o(i.RST_CLK_CPU_PLLuse) for RST_CLK_CPU_PLLuse
    main.o(i.Clock_Configure) refers to mdr32f9qx_rst_clk.o(i.RST_CLK_CPUclkSelection) for RST_CLK_CPUclkSelection
    main.o(i.Clock_Configure) refers to system_mdr32f9qx.o(i.SystemCoreClockUpdate) for SystemCoreClockUpdate
    main.o(i.Clock_Configure) refers to mdr32f9qx_rst_clk.o(i.RST_CLK_PCLKcmd) for RST_CLK_PCLKcmd
    main.o(i.Clock_Configure) refers to systick.o(i.SysTickStart) for SysTickStart
    main.o(i.GetStateLedsKeyboard) refers to main.o(.data) for OutReport
    main.o(i.IO_Configure) refers to mdr32f9qx_port.o(i.PORT_StructInit) for PORT_StructInit
    main.o(i.IO_Configure) refers to mdr32f9qx_port.o(i.PORT_Init) for PORT_Init
    main.o(i.SetConfigUSBDevice) refers to config.o(i.ScanPortConfiguration) for ScanPortConfiguration
    main.o(i.SetConfigUSBDevice) refers to rt_memcpy_v6.o(.text) for __aeabi_memcpy
    main.o(i.SetConfigUSBDevice) refers to usbdesc.o(.data) for InitHIDev
    main.o(i.SetConfigUSBDevice) refers to config.o(.constdata) for USB_Descriptors
    main.o(i.main) refers to main.o(i.Clock_Configure) for Clock_Configure
    main.o(i.main) refers to main.o(i.IO_Configure) for IO_Configure
    main.o(i.main) refers to main.o(i.SetConfigUSBDevice) for SetConfigUSBDevice
    main.o(i.main) refers to usbhw_mdr32f9x.o(i.USB_Init) for USB_Init
    main.o(i.main) refers to usbhw_mdr32f9x.o(i.USB_Connect) for USB_Connect
    main.o(i.main) refers to ps2phy.o(i.TIMER3_ETR_Setup) for TIMER3_ETR_Setup
    main.o(i.main) refers to queue.o(i.QueCreation) for QueCreation
    main.o(i.main) refers to main.o(i.InitWdt) for InitWdt
    main.o(i.main) refers to kbms.o(i.Mouse_Init) for Mouse_Init
    main.o(i.main) refers to kbms.o(i.Mouse_GetData) for Mouse_GetData
    main.o(i.main) refers to usbhw_mdr32f9x.o(i.USB_WriteEP) for USB_WriteEP
    main.o(i.main) refers to systick.o(i._delay_ms) for _delay_ms
    main.o(i.main) refers to kbms.o(i.matrix_scan) for matrix_scan
    main.o(i.main) refers to main.o(i.GetStateLedsKeyboard) for GetStateLedsKeyboard
    main.o(i.main) refers to main.o(i.IWDG_ReloadCounter) for IWDG_ReloadCounter
    main.o(i.main) refers to usbdesc.o(.data) for InitHIDev
    main.o(i.main) refers to kbms.o(.data) for keyboardHID
    main.o(i.main) refers to queue.o(.bss) for QueueIn
    main.o(i.main) refers to ps2phy.o(.data) for Flag
    usbcore.o(i.USB_DataInStage) refers to usbhw_mdr32f9x.o(i.USB_WriteEP) for USB_WriteEP
    usbcore.o(i.USB_DataInStage) refers to usbcore.o(.data) for EP0Data
    usbcore.o(i.USB_DataOutStage) refers to usbhw_mdr32f9x.o(i.USB_ReadEP) for USB_ReadEP
    usbcore.o(i.USB_DataOutStage) refers to usbcore.o(.data) for EP0Data
    usbcore.o(i.USB_EndPoint0) refers to usbcore.o(i.USB_SetupStage) for USB_SetupStage
    usbcore.o(i.USB_EndPoint0) refers to usbhw_mdr32f9x.o(i.USB_DirCtrlEP) for USB_DirCtrlEP
[...]
    ../clib/armsys.c                         0x00000000   Number         0  _get_argv_nomalloc.o ABSOLUTE
    ../clib/heapalloc.c                      0x00000000   Number         0  hrguard.o ABSOLUTE
    ../clib/heapaux.c                        0x00000000   Number         0  heapauxi.o ABSOLUTE
    ../clib/libinit.s                        0x00000000   Number         0  libshutdown2.o ABSOLUTE
    ../clib/libinit.s                        0x00000000   Number         0  libinit2.o ABSOLUTE
    ../clib/libinit.s                        0x00000000   Number         0  libshutdown.o ABSOLUTE
    ../clib/libinit.s                        0x00000000   Number         0  libinit.o ABSOLUTE
    ../clib/memcpset.s                       0x00000000   Number         0  rt_memcpy_v6.o ABSOLUTE
    ../clib/memcpset.s                       0x00000000   Number         0  rt_memcpy_w.o ABSOLUTE
    ../clib/signal.c                         0x00000000   Number         0  defsig_segv_inner.o ABSOLUTE
    ../clib/signal.c                         0x00000000   Number         0  defsig_other.o ABSOLUTE
    ../clib/signal.c                         0x00000000   Number         0  defsig_cppl_inner.o ABSOLUTE
    ../clib/signal.c                         0x00000000   Number         0  defsig_pvfn_inner.o ABSOLUTE
    ../clib/signal.c                         0x00000000   Number         0  defsig_stak_inner.o ABSOLUTE
    ../clib/signal.c                         0x00000000   Number         0  defsig_rtred_inner.o ABSOLUTE
    ../clib/signal.c                         0x00000000   Number         0  defsig_fpe_inner.o ABSOLUTE
    ../clib/signal.c                         0x00000000   Number         0  defsig_abrt_inner.o ABSOLUTE
    ../clib/signal.c                         0x00000000   Number         0  __raise.o ABSOLUTE
    ../clib/signal.c                         0x00000000   Number         0  defsig_rtmem_inner.o ABSOLUTE
    ../clib/signal.c                         0x00000000   Number         0  defsig_exit.o ABSOLUTE
    ../clib/signal.c                         0x00000000   Number         0  defsig_general.o ABSOLUTE
    ../clib/signal.c                         0x00000000   Number         0  defsig_rtmem_formal.o ABSOLUTE
    ../clib/signal.c                         0x00000000   Number         0  defsig_rtmem_outer.o ABSOLUTE
    ../clib/signal.s                         0x00000000   Number         0  defsig.o ABSOLUTE
    ../clib/stdlib.c                         0x00000000   Number         0  exit.o ABSOLUTE
    ../fplib/fpinit.s                        0x00000000   Number         0  fpinit.o ABSOLUTE
    C:\Users\murzina\AppData\Local\Arm\Packs\Keil\MDR1986BExx\1.51\Libraries\MDR32F9Qx_StdPeriph_Driver\src\MDR32F9Qx_port.c 0x00000000   Number         0  mdr32f9qx_port.o ABSOLUTE
    C:\Users\murzina\AppData\Local\Arm\Packs\Keil\MDR1986BExx\1.51\Libraries\MDR32F9Qx_StdPeriph_Driver\src\MDR32F9Qx_power.c 0x00000000   Number         0  mdr32f9qx_power.o ABSOLUTE
    C:\Users\murzina\AppData\Local\Arm\Packs\Keil\MDR1986BExx\1.51\Libraries\MDR32F9Qx_StdPeriph_Driver\src\MDR32F9Qx_rst_clk.c 0x00000000   Number         0  mdr32f9qx_rst_clk.o ABSOLUTE
    C:\Users\murzina\AppData\Local\Arm\Packs\Keil\MDR1986BExx\1.51\Libraries\MDR32F9Qx_StdPeriph_Driver\src\MDR32F9Qx_timer.c 0x00000000   Number         0  mdr32f9qx_timer.o ABSOLUTE
    C:\Users\murzina\AppData\Local\Arm\Packs\Keil\MDR1986BExx\1.51\Libraries\MDR32F9Qx_StdPeriph_Driver\src\MDR32F9Qx_uart.c 0x00000000   Number         0  mdr32f9qx_uart.o ABSOLUTE
    C:\Users\murzina\AppData\Local\Arm\Packs\Keil\MDR1986BExx\1.51\Libraries\MDR32F9Qx_StdPeriph_Driver\src\MDR32F9Qx_usb.c 0x00000000   Number         0  mdr32f9qx_usb.o ABSOLUTE
    C:\\Users\\murzina\\AppData\\Local\\Arm\\Packs\\Keil\\MDR1986BExx\\1.51\\Libraries\\MDR32F9Qx_StdPeriph_Driver\\src\\MDR32F9Qx_port.c 0x00000000   Number         0  mdr32f9qx_port.o ABSOLUTE
    C:\\Users\\murzina\\AppData\\Local\\Arm\\Packs\\Keil\\MDR1986BExx\\1.51\\Libraries\\MDR32F9Qx_StdPeriph_Driver\\src\\MDR32F9Qx_power.c 0x00000000   Number         0  mdr32f9qx_power.o ABSOLUTE
    C:\\Users\\murzina\\AppData\\Local\\Arm\\Packs\\Keil\\MDR1986BExx\\1.51\\Libraries\\MDR32F9Qx_StdPeriph_Driver\\src\\MDR32F9Qx_rst_clk.c 0x00000000   Number         0  mdr32f9qx_rst_clk.o ABSOLUTE
    C:\\Users\\murzina\\AppData\\Local\\Arm\\Packs\\Keil\\MDR1986BExx\\1.51\\Libraries\\MDR32F9Qx_StdPeriph_Driver\\src\\MDR32F9Qx_timer.c 0x00000000   Number         0  mdr32f9qx_timer.o ABSOLUTE
    C:\\Users\\murzina\\AppData\\Local\\Arm\\Packs\\Keil\\MDR1986BExx\\1.51\\Libraries\\MDR32F9Qx_StdPeriph_Driver\\src\\MDR32F9Qx_uart.c 0x00000000   Number         0  mdr32f9qx_uart.o ABSOLUTE
    C:\\Users\\murzina\\AppData\\Local\\Arm\\Packs\\Keil\\MDR1986BExx\\1.51\\Libraries\\MDR32F9Qx_StdPeriph_Driver\\src\\MDR32F9Qx_usb.c 0x00000000   Number         0  mdr32f9qx_usb.o ABSOLUTE
    RTE\Device\MDR1986BE92\startup_MDR32F9Qx.s 0x00000000   Number         0  startup_mdr32f9qx.o ABSOLUTE
    RTE\Device\MDR1986BE92\system_MDR32F9Qx.c 0x00000000   Number         0  system_mdr32f9qx.o ABSOLUTE
    RTE\\Device\\MDR1986BE92\\system_MDR32F9Qx.c 0x00000000   Number         0  system_mdr32f9qx.o ABSOLUTE
    Sources\MDR32F9Qx_usb_device.c           0x00000000   Number         0  mdr32f9qx_usb_device.o ABSOLUTE
    Sources\\MDR32F9Qx_usb_device.c          0x00000000   Number         0  mdr32f9qx_usb_device.o ABSOLUTE
    Sources\\config.c                        0x00000000   Number         0  config.o ABSOLUTE
    Sources\\hiduser.c                       0x00000000   Number         0  hiduser.o ABSOLUTE
    Sources\\kbms.c                          0x00000000   Number         0  kbms.o ABSOLUTE
    Sources\\main.c                          0x00000000   Number         0  main.o ABSOLUTE
    Sources\\ps2phy.c                        0x00000000   Number         0  ps2phy.o ABSOLUTE
    Sources\\ps2protocol.c                   0x00000000   Number         0  ps2protocol.o ABSOLUTE
    Sources\\systick.c                       0x00000000   Number         0  systick.o ABSOLUTE
    Sources\\uart.c                          0x00000000   Number         0  uart.o ABSOLUTE
    Sources\\usbcore.c                       0x00000000   Number         0  usbcore.o ABSOLUTE
    Sources\\usbhw_MDR32F9x.c                0x00000000   Number         0  usbhw_mdr32f9x.o ABSOLUTE
    Sources\\usbuser.c                       0x00000000   Number         0  usbuser.o ABSOLUTE
    Sources\config.c                         0x00000000   Number         0  config.o ABSOLUTE
    Sources\hiduser.c                        0x00000000   Number         0  hiduser.o ABSOLUTE
    Sources\kbms.c                           0x00000000   Number         0  kbms.o ABSOLUTE
    Sources\main.c                           0x00000000   Number         0  main.o ABSOLUTE
    Sources\matrix.c                         0x00000000   Number         0  matrix.o ABSOLUTE
    Sources\ps2phy.c                         0x00000000   Number         0  ps2phy.o ABSOLUTE
    Sources\ps2protocol.c                    0x00000000   Number         0  ps2protocol.o ABSOLUTE
    Sources\queue.c                          0x00000000   Number         0  queue.o ABSOLUTE
    Sources\systick.c                        0x00000000   Number         0  systick.o ABSOLUTE
    Sources\uart.c                           0x00000000   Number         0  uart.o ABSOLUTE
    Sources\usbcore.c                        0x00000000   Number         0  usbcore.o ABSOLUTE
    Sources\usbdesc.c                        0x00000000   Number         0  usbdesc.o ABSOLUTE
    Sources\usbhw_MDR32F9x.c                 0x00000000   Number         0  usbhw_mdr32f9x.o ABSOLUTE
    Sources\usbuser.c                        0x00000000   Number         0  usbuser.o ABSOLUTE
    dc.s                                     0x00000000   Number         0  dc.o ABSOLUTE
    RESET                                    0x08000000   Section      192  startup_mdr32f9qx.o(RESET)
    !!!main                                  0x080000c0   Section        8  __main.o(!!!main)
    !!!scatter                               0x080000c8   Section       52  __scatter.o(!!!scatter)
    !!dczerorl2                              0x080000fc   Section       90  __dczerorl2.o(!!dczerorl2)
    !!handler_zi                             0x08000158   Section       28  __scatter_zi.o(!!handler_zi)
    .ARM.Collect$$libinit$$00000000          0x08000174   Section        2  libinit.o(.ARM.Collect$$libinit$$00000000)
    .ARM.Collect$$libinit$$00000002          0x08000176   Section        0  libinit2.o(.ARM.Collect$$libinit$$00000002)
    .ARM.Collect$$libinit$$00000004          0x08000176   Section        0  libinit2.o(.ARM.Collect$$libinit$$00000004)
    .ARM.Collect$$libinit$$0000000A          0x08000176   Section        0  libinit2.o(.ARM.Collect$$libinit$$0000000A)
    .ARM.Collect$$libinit$$0000000C          0x08000176   Section        0  libinit2.o(.ARM.Collect$$libinit$$0000000C)
    .ARM.Collect$$libinit$$0000000E          0x08000176   Section        0  libinit2.o(.ARM.Collect$$libinit$$0000000E)
    .ARM.Collect$$libinit$$00000011          0x08000176   Section        0  libinit2.o(.ARM.Collect$$libinit$$00000011)
    .ARM.Collect$$libinit$$00000013          0x08000176   Section        0  libinit2.o(.ARM.Collect$$libinit$$00000013)
    .ARM.Collect$$libinit$$00000015          0x08000176   Section        0  libinit2.o(.ARM.Collect$$libinit$$00000015)
    .ARM.Collect$$libinit$$00000017          0x08000176   Section        0  libinit2.o(.ARM.Collect$$libinit$$00000017)
    .ARM.Collect$$libinit$$00000019          0x08000176   Section        0  libinit2.o(.ARM.Collect$$libinit$$00000019)
    .ARM.Collect$$libinit$$0000001B          0x08000176   Section        0  libinit2.o(.ARM.Collect$$libinit$$0000001B)
    .ARM.Collect$$libinit$$0000001D          0x08000176   Section        0  libinit2.o(.ARM.Collect$$libinit$$0000001D)
    .ARM.Collect$$libinit$$0000001F          0x08000176   Section        0  libinit2.o(.ARM.Collect$$libinit$$0000001F)
    .ARM.Collect$$libinit$$00000021          0x08000176   Section        0  libinit2.o(.ARM.Collect$$libinit$$00000021)
    .ARM.Collect$$libinit$$00000023          0x08000176   Section        0  libinit2.o(.ARM.Collect$$libinit$$00000023)
    .ARM.Collect$$libinit$$00000025          0x08000176   Section        0  libinit2.o(.ARM.Collect$$libinit$$00000025)
    .ARM.Collect$$libinit$$0000002C          0x08000176   Section        0  libinit2.o(.ARM.Collect$$libinit$$0000002C)
    .ARM.Collect$$libinit$$0000002E          0x08000176   Section        0  libinit2.o(.ARM.Collect$$libinit$$0000002E)
    .ARM.Collect$$libinit$$00000030          0x08000176   Section        0  libinit2.o(.ARM.Collect$$libinit$$00000030)
    .ARM.Collect$$libinit$$00000032          0x08000176   Section        0  libinit2.o(.ARM.Collect$$libinit$$00000032)
    .ARM.Collect$$libinit$$00000033          0x08000176   Section        2  libinit2.o(.ARM.Collect$$libinit$$00000033)
    .ARM.Collect$$libshutdown$$00000000      0x08000178   Section        2  libshutdown.o(.ARM.Collect$$libshutdown$$00000000)
    .ARM.Collect$$libshutdown$$00000002      0x0800017a   Section        0  libshutdown2.o(.ARM.Collect$$libshutdown$$00000002)
    .ARM.Collect$$libshutdown$$00000004      0x0800017a   Section        0  libshutdown2.o(.ARM.Collect$$libshutdown$$00000004)
    .ARM.Collect$$libshutdown$$00000007      0x0800017a   Section        0  libshutdown2.o(.ARM.Collect$$libshutdown$$00000007)
    .ARM.Collect$$libshutdown$$0000000A      0x0800017a   Section        0  libshutdown2.o(.ARM.Collect$$libshutdown$$0000000A)
    .ARM.Collect$$libshutdown$$0000000C      0x0800017a   Section        0  libshutdown2.o(.ARM.Collect$$libshutdown$$0000000C)
    .ARM.Collect$$libshutdown$$0000000F      0x0800017a   Section        0  libshutdown2.o(.ARM.Collect$$libshutdown$$0000000F)
    .ARM.Collect$$libshutdown$$00000010      0x0800017a   Section        2  libshutdown2.o(.ARM.Collect$$libshutdown$$00000010)
    .ARM.Collect$$rtentry$$00000000          0x0800017c   Section        0  __rtentry.o(.ARM.Collect$$rtentry$$00000000)
    .ARM.Collect$$rtentry$$00000002          0x0800017c   Section        0  __rtentry2.o(.ARM.Collect$$rtentry$$00000002)
    .ARM.Collect$$rtentry$$00000004          0x0800017c   Section        6  __rtentry4.o(.ARM.Collect$$rtentry$$00000004)
    .ARM.Collect$$rtentry$$00000009          0x08000182   Section        0  __rtentry2.o(.ARM.Collect$$rtentry$$00000009)
    .ARM.Collect$$rtentry$$0000000A          0x08000182   Section        4  __rtentry2.o(.ARM.Collect$$rtentry$$0000000A)
    .ARM.Collect$$rtentry$$0000000C          0x08000186   Section        0  __rtentry2.o(.ARM.Collect$$rtentry$$0000000C)
    .ARM.Collect$$rtentry$$0000000D          0x08000186   Section        8  __rtentry2.o(.ARM.Collect$$rtentry$$0000000D)
    .ARM.Collect$$rtexit$$00000000           0x0800018e   Section        2  rtexit.o(.ARM.Collect$$rtexit$$00000000)
    .ARM.Collect$$rtexit$$00000002           0x08000190   Section        0  rtexit2.o(.ARM.Collect$$rtexit$$00000002)
    .ARM.Collect$$rtexit$$00000003           0x08000190   Section        4  rtexit2.o(.ARM.Collect$$rtexit$$00000003)
    .ARM.Collect$$rtexit$$00000004           0x08000194   Section        6  rtexit2.o(.ARM.Collect$$rtexit$$00000004)
    .text                                    0x0800019c   Section       64  startup_mdr32f9qx.o(.text)
    .text                                    0x080001dc   Section      138  rt_memcpy_v6.o(.text)
    .text                                    0x08000266   Section        0  heapauxi.o(.text)
    .text                                    0x0800026c   Section      100  rt_memcpy_w.o(.text)
    .text                                    0x080002d0   Section       74  sys_stackheap_outer.o(.text)
    .text                                    0x0800031a   Section        0  exit.o(.text)
    .text                                    0x0800032c   Section        8  libspace.o(.text)
    .text                                    0x08000334   Section        0  sys_exit.o(.text)
    .text                                    0x08000340   Section        2  use_no_semi.o(.text)
    .text                                    0x08000342   Section        0  indicate_semi.o(.text)
    i.Clock_Configure                        0x08000344   Section        0  main.o(i.Clock_Configure)
    i.Clock_Hi                               0x080003a8   Section        0  ps2phy.o(i.Clock_Hi)
    i.Clock_In                               0x080003d0   Section        0  ps2phy.o(i.Clock_In)
    i.Clock_Lo                               0x08000400   Section        0  ps2phy.o(i.Clock_Lo)
    i.Data_Hi                                0x0800041c   Section        0  ps2phy.o(i.Data_Hi)
    i.Data_In                                0x08000444   Section        0  ps2phy.o(i.Data_In)
    i.Data_Lo                                0x0800047c   Section        0  ps2phy.o(i.Data_Lo)
    i.GetFeatureReport                       0x08000498   Section        0  main.o(i.GetFeatureReport)
    i.GetInReport                            0x0800049a   Section        0  main.o(i.GetInReport)
    i.GetStateLedsKeyboard                   0x0800049c   Section        0  main.o(i.GetStateLedsKeyboard)
    i.HID_GetIdle                            0x08000514   Section        0  hiduser.o(i.HID_GetIdle)
    i.HID_GetProtocol                        0x08000530   Section        0  hiduser.o(i.HID_GetProtocol)
    i.HID_GetReport                          0x08000544   Section        0  hiduser.o(i.HID_GetReport)
    i.HID_SetIdle                            0x08000598   Section        0  hiduser.o(i.HID_SetIdle)
    i.HID_SetProtocol                        0x080005b0   Section        0  hiduser.o(i.HID_SetProtocol)
    i.HID_SetReport                          0x080005c4   Section        0  hiduser.o(i.HID_SetReport)
    i.IO_Configure                           0x08000614   Section        0  main.o(i.IO_Configure)
    i.IWDG_ReloadCounter                     0x08000704   Section        0  main.o(i.IWDG_ReloadCounter)
    i.InitWdt                                0x08000714   Section        0  main.o(i.InitWdt)
    i.Matrix_Get                             0x08000744   Section        0  matrix.o(i.Matrix_Get)
    i.Modifier_Reset                         0x08000780   Section        0  kbms.o(i.Modifier_Reset)
    Modifier_Reset                           0x08000781   Thumb Code   144  kbms.o(i.Modifier_Reset)
    i.Modifier_Set                           0x08000814   Section        0  kbms.o(i.Modifier_Set)
    Modifier_Set                             0x08000815   Thumb Code   144  kbms.o(i.Modifier_Set)
    i.Mouse_GetData                          0x080008a8   Section        0  kbms.o(i.Mouse_GetData)
    i.Mouse_Init                             0x080009c0   Section        0  kbms.o(i.Mouse_Init)
    i.Mouse_PS2_PhyOFF                       0x08000a98   Section        0  ps2phy.o(i.Mouse_PS2_PhyOFF)
    i.Mouse_PS2_PhyON                        0x08000ad0   Section        0  ps2phy.o(i.Mouse_PS2_PhyON)
    i.PORT_DeInit                            0x08000adc   Section        0  mdr32f9qx_port.o(i.PORT_DeInit)
    i.PORT_Init                              0x08000af0   Section        0  mdr32f9qx_port.o(i.PORT_Init)
    i.PORT_Mouse_Setup                       0x08000cb8   Section        0  ps2phy.o(i.PORT_Mouse_Setup)
    i.PORT_StructInit                        0x08000d40   Section        0  mdr32f9qx_port.o(i.PORT_StructInit)
    i.PS2_Host_Receive                       0x08000d5c   Section        0  ps2protocol.o(i.PS2_Host_Receive)
    i.PS2_Host_Send                          0x08000d88   Section        0  ps2protocol.o(i.PS2_Host_Send)
    i.QueAdd                                 0x08000e8a   Section        0  queue.o(i.QueAdd)
    i.QueCreation                            0x08000ea8   Section        0  queue.o(i.QueCreation)
    i.QueDelete                              0x08000eb0   Section        0  queue.o(i.QueDelete)
    i.RST_CLK_CPU_PLLcmd                     0x08000ee4   Section        0  mdr32f9qx_rst_clk.o(i.RST_CLK_CPU_PLLcmd)
    i.RST_CLK_CPU_PLLconfig                  0x08000ef0   Section        0  mdr32f9qx_rst_clk.o(i.RST_CLK_CPU_PLLconfig)
    i.RST_CLK_CPU_PLLstatus                  0x08000f30   Section        0  mdr32f9qx_rst_clk.o(i.RST_CLK_CPU_PLLstatus)
    i.RST_CLK_CPU_PLLuse                     0x08000f64   Section        0  mdr32f9qx_rst_clk.o(i.RST_CLK_CPU_PLLuse)
    i.RST_CLK_CPUclkPrescaler                0x08000f70   Section        0  mdr32f9qx_rst_clk.o(i.RST_CLK_CPUclkPrescaler)
    i.RST_CLK_CPUclkSelection                0x08000f88   Section        0  mdr32f9qx_rst_clk.o(i.RST_CLK_CPUclkSelection)
    i.RST_CLK_GetFlagStatus                  0x08000f9c   Section        0  mdr32f9qx_rst_clk.o(i.RST_CLK_GetFlagStatus)
    i.RST_CLK_HSEconfig                      0x08000fd0   Section        0  mdr32f9qx_rst_clk.o(i.RST_CLK_HSEconfig)
    i.RST_CLK_HSEstatus                      0x0800100c   Section        0  mdr32f9qx_rst_clk.o(i.RST_CLK_HSEstatus)
    i.RST_CLK_PCLKcmd                        0x08001040   Section        0  mdr32f9qx_rst_clk.o(i.RST_CLK_PCLKcmd)
    i.ScanPortConfiguration                  0x08001060   Section        0  config.o(i.ScanPortConfiguration)
    i.Send_Repeatly                          0x08001090   Section        0  kbms.o(i.Send_Repeatly)
    i.SetConfigUSBDevice                     0x080010bc   Section        0  main.o(i.SetConfigUSBDevice)
    i.SetFeatureReport                       0x08001158   Section        0  main.o(i.SetFeatureReport)
    i.SetOutReport                           0x0800115a   Section        0  main.o(i.SetOutReport)
    i.SysTickStart                           0x0800115c   Section        0  systick.o(i.SysTickStart)
    i.SysTick_Handler                        0x0800116c   Section        0  systick.o(i.SysTick_Handler)
    i.SystemCoreClockUpdate                  0x08001190   Section        0  system_mdr32f9qx.o(i.SystemCoreClockUpdate)
    i.SystemInit                             0x08001220   Section        0  system_mdr32f9qx.o(i.SystemInit)
    i.TIMER2_ETR_Setup                       0x08001260   Section        0  ps2phy.o(i.TIMER2_ETR_Setup)
    i.TIMER3_ETR_Setup                       0x080012a4   Section        0  ps2phy.o(i.TIMER3_ETR_Setup)
    i.Timer2_IRQHandler                      0x080012e4   Section        0  ps2phy.o(i.Timer2_IRQHandler)
    i.Timer3_IRQHandler                      0x08001440   Section        0  ps2phy.o(i.Timer3_IRQHandler)
    i.USB_BRGInit                            0x08001584   Section        0  mdr32f9qx_usb.o(i.USB_BRGInit)
    i.USB_ClrStallEP                         0x080015c0   Section        0  usbhw_mdr32f9x.o(i.USB_ClrStallEP)
    i.USB_ConfigEP                           0x080015c2   Section        0  usbhw_mdr32f9x.o(i.USB_ConfigEP)
    i.USB_Configure                          0x080015c4   Section        0  usbhw_mdr32f9x.o(i.USB_Configure)
    i.USB_Connect                            0x080015c6   Section        0  usbhw_mdr32f9x.o(i.USB_Connect)
    i.USB_DataInStage                        0x080015e0   Section        0  usbcore.o(i.USB_DataInStage)
    i.USB_DataOutStage                       0x08001618   Section        0  usbcore.o(i.USB_DataOutStage)
    i.USB_DeviceClearFeature                 0x08001640   Section        0  mdr32f9qx_usb_device.o(i.USB_DeviceClearFeature)
    i.USB_DeviceInit                         0x0800165c   Section        0  mdr32f9qx_usb_device.o(i.USB_DeviceInit)
    i.USB_DevicePowerOff                     0x080016b4   Section        0  mdr32f9qx_usb_device.o(i.USB_DevicePowerOff)
    i.USB_DevicePowerOn                      0x080016cc   Section        0  mdr32f9qx_usb_device.o(i.USB_DevicePowerOn)
    i.USB_DeviceReset                        0x080016e4   Section        0  mdr32f9qx_usb_device.o(i.USB_DeviceReset)
    i.USB_DeviceSetFeature                   0x080016f4   Section        0  mdr32f9qx_usb_device.o(i.USB_DeviceSetFeature)
    i.USB_DeviceSetupPacket                  0x08001710   Section        0  mdr32f9qx_usb_device.o(i.USB_DeviceSetupPacket)
    i.USB_Device_setAddressWork              0x0800196c   Section        0  mdr32f9qx_usb_device.o(i.USB_Device_setAddressWork)
    USB_Device_setAddressWork                0x0800196d   Thumb Code    36  mdr32f9qx_usb_device.o(i.USB_Device_setAddressWork)
    i.USB_DirCtrlEP                          0x08001994   Section        0  usbhw_mdr32f9x.o(i.USB_DirCtrlEP)
    i.USB_DisableEP                          0x08001998   Section        0  usbhw_mdr32f9x.o(i.USB_DisableEP)
    i.USB_EP_Idle                            0x080019b8   Section        0  mdr32f9qx_usb_device.o(i.USB_EP_Idle)
    i.USB_EP_Init                            0x080019f8   Section        0  mdr32f9qx_usb_device.o(i.USB_EP_Init)
    i.USB_EP_Reset                           0x08001a40   Section        0  mdr32f9qx_usb_device.o(i.USB_EP_Reset)
    i.USB_EP_SetReady                        0x08001a6c   Section        0  mdr32f9qx_usb_device.o(i.USB_EP_SetReady)
    USB_EP_SetReady                          0x08001a6d   Thumb Code    40  mdr32f9qx_usb_device.o(i.USB_EP_SetReady)
    i.USB_EP_Stall                           0x08001a98   Section        0  mdr32f9qx_usb_device.o(i.USB_EP_Stall)
    i.USB_EP_doDataIn                        0x08001adc   Section        0  mdr32f9qx_usb_device.o(i.USB_EP_doDataIn)
    i.USB_EP_doDataOut                       0x08001b28   Section        0  mdr32f9qx_usb_device.o(i.USB_EP_doDataOut)
    i.USB_EP_sendInDataPortion               0x08001b64   Section        0  mdr32f9qx_usb_device.o(i.USB_EP_sendInDataPortion)
    USB_EP_sendInDataPortion                 0x08001b65   Thumb Code   120  mdr32f9qx_usb_device.o(i.USB_EP_sendInDataPortion)
    i.USB_EP_setSetupHandler                 0x08001be0   Section        0  mdr32f9qx_usb_device.o(i.USB_EP_setSetupHandler)
    i.USB_EnableEP                           0x08001c20   Section        0  usbhw_mdr32f9x.o(i.USB_EnableEP)
    i.USB_EndPoint0                          0x08001c4c   Section        0  usbcore.o(i.USB_EndPoint0)
    i.USB_EndPoint1                          0x08001f9c   Section        0  usbuser.o(i.USB_EndPoint1)
    i.USB_EndPoint2                          0x08001f9e   Section        0  usbuser.o(i.USB_EndPoint2)
    i.USB_Error_Event                        0x08001fa0   Section        0  usbuser.o(i.USB_Error_Event)
    i.USB_IRQHandler                         0x08001fa4   Section        0  usbhw_mdr32f9x.o(i.USB_IRQHandler)
    i.USB_Init                               0x080020b0   Section        0  usbhw_mdr32f9x.o(i.USB_Init)
    i.USB_IntrEna                            0x080020f4   Section        0  usbhw_mdr32f9x.o(i.USB_IntrEna)
    USB_IntrEna                              0x080020f5   Thumb Code    38  usbhw_mdr32f9x.o(i.USB_IntrEna)
    i.USB_ReadEP                             0x0800211c   Section        0  usbhw_mdr32f9x.o(i.USB_ReadEP)
    i.USB_ReqGetDescriptor                   0x0800215c   Section        0  usbcore.o(i.USB_ReqGetDescriptor)
    i.USB_ReqGetStatus                       0x080022c4   Section        0  usbcore.o(i.USB_ReqGetStatus)
    i.USB_ReqSetClrFeature                   0x08002384   Section        0  usbcore.o(i.USB_ReqSetClrFeature)
    i.USB_ReqSetConfiguration                0x08002470   Section        0  usbcore.o(i.USB_ReqSetConfiguration)
    i.USB_ReqSetInterface                    0x08002628   Section        0  usbcore.o(i.USB_ReqSetInterface)
    i.USB_Reset                              0x08002758   Section        0  mdr32f9qx_usb.o(i.USB_Reset)
    i.USB_ResetCore                          0x08002778   Section        0  usbcore.o(i.USB_ResetCore)
    i.USB_ResetEP                            0x080027b4   Section        0  usbhw_mdr32f9x.o(i.USB_ResetEP)
    i.USB_ResetIRQ                           0x080027c0   Section        0  usbhw_mdr32f9x.o(i.USB_ResetIRQ)
    i.USB_Reset_Event                        0x08002800   Section        0  usbuser.o(i.USB_Reset_Event)
    i.USB_SEPxToggleEPDATASEQ                0x08002808   Section        0  mdr32f9qx_usb.o(i.USB_SEPxToggleEPDATASEQ)
    i.USB_SetAddress                         0x08002824   Section        0  usbhw_mdr32f9x.o(i.USB_SetAddress)
    i.USB_SetHSCR                            0x08002844   Section        0  mdr32f9qx_usb.o(i.USB_SetHSCR)
    i.USB_SetSA                              0x08002864   Section        0  mdr32f9qx_usb.o(i.USB_SetSA)
    i.USB_SetSC                              0x08002870   Section        0  mdr32f9qx_usb.o(i.USB_SetSC)
    i.USB_SetSEPxCTRL                        0x08002890   Section        0  mdr32f9qx_usb.o(i.USB_SetSEPxCTRL)
    i.USB_SetSEPxTXFD                        0x080028bc   Section        0  mdr32f9qx_usb.o(i.USB_SetSEPxTXFD)
    i.USB_SetSEPxTXFDC                       0x080028cc   Section        0  mdr32f9qx_usb.o(i.USB_SetSEPxTXFDC)
    i.USB_SetSIM                             0x080028dc   Section        0  mdr32f9qx_usb.o(i.USB_SetSIM)
    i.USB_SetSIS                             0x080028fc   Section        0  mdr32f9qx_usb.o(i.USB_SetSIS)
    i.USB_SetStallEP                         0x08002908   Section        0  usbhw_mdr32f9x.o(i.USB_SetStallEP)
    i.USB_SetupStage                         0x08002918   Section        0  usbcore.o(i.USB_SetupStage)
    i.USB_StatusInStage                      0x08002928   Section        0  usbcore.o(i.USB_StatusInStage)
    i.USB_StatusOutStage                     0x08002938   Section        0  usbcore.o(i.USB_StatusOutStage)
    i.USB_WakeUpCfg                          0x08002948   Section        0  usbhw_mdr32f9x.o(i.USB_WakeUpCfg)
    i.USB_WriteEP                            0x0800294c   Section        0  usbhw_mdr32f9x.o(i.USB_WriteEP)
    i.Wait_Mouse_Clock_Hi                    0x08002a08   Section        0  ps2phy.o(i.Wait_Mouse_Clock_Hi)
    i.Wait_Mouse_Clock_Lo                    0x08002a28   Section        0  ps2phy.o(i.Wait_Mouse_Clock_Lo)
    i.Wait_Mouse_Data_Hi                     0x08002a48   Section        0  ps2phy.o(i.Wait_Mouse_Data_Hi)
    i.Wait_Mouse_Data_Lo                     0x08002a68   Section        0  ps2phy.o(i.Wait_Mouse_Data_Lo)
    i.__NVIC_ClearPendingIRQ                 0x08002a88   Section        0  ps2phy.o(i.__NVIC_ClearPendingIRQ)
    __NVIC_ClearPendingIRQ                   0x08002a89   Thumb Code    22  ps2phy.o(i.__NVIC_ClearPendingIRQ)
    i.__NVIC_EnableIRQ                       0x08002aa4   Section        0  ps2phy.o(i.__NVIC_EnableIRQ)
    __NVIC_EnableIRQ                         0x08002aa5   Thumb Code    34  ps2phy.o(i.__NVIC_EnableIRQ)
    i._delay_ms                              0x08002ac8   Section        0  systick.o(i._delay_ms)
    i._delay_us                              0x08002adc   Section        0  systick.o(i._delay_us)
    i.getCol                                 0x08002b04   Section        0  matrix.o(i.getCol)
    getCol                                   0x08002b05   Thumb Code     6  matrix.o(i.getCol)
    i.getRow                                 0x08002b0a   Section        0  matrix.o(i.getRow)
    getRow                                   0x08002b0b   Thumb Code     8  matrix.o(i.getRow)
    i.main                                   0x08002b14   Section        0  main.o(i.main)
    i.matrix_scan                            0x08002c1c   Section        0  kbms.o(i.matrix_scan)
    i.uiQueTop                               0x08002e58   Section        0  queue.o(i.uiQueTop)
    .constdata                               0x08002e5e   Section      120  usbdesc.o(.constdata)
    .constdata                               0x08002ed8   Section       64  usbuser.o(.constdata)
    .constdata                               0x08002f18   Section      541  config.o(.constdata)
    .data                                    0x20000000   Section        2  hiduser.o(.data)
    .data                                    0x20000002   Section       50  main.o(.data)
    .data                                    0x20000034   Section       48  usbcore.o(.data)
    .data                                    0x20000064   Section      179  usbdesc.o(.data)
    .data                                    0x20000118   Section       14  usbhw_mdr32f9x.o(.data)
    data1                                    0x20000125   Data           1  usbhw_mdr32f9x.o(.data)
    .data                                    0x20000128   Section       16  systick.o(.data)
    .data                                    0x20000138   Section       16  mdr32f9qx_usb_device.o(.data)
    SetupPacketData                          0x20000140   Data           2  mdr32f9qx_usb_device.o(.data)
    bHandling                                0x20000144   Data           4  mdr32f9qx_usb_device.o(.data)
    .data                                    0x20000148   Section       17  kbms.o(.data)
    state                                    0x20000158   Data           1  kbms.o(.data)
    .data                                    0x2000015a   Section       14  ps2phy.o(.data)
    tmp                                      0x20000162   Data           1  ps2phy.o(.data)
    parity                                   0x20000163   Data           1  ps2phy.o(.data)
    state                                    0x20000164   Data           1  ps2phy.o(.data)
    tmp                                      0x20000165   Data           1  ps2phy.o(.data)
    parity                                   0x20000166   Data           1  ps2phy.o(.data)
    state                                    0x20000167   Data           1  ps2phy.o(.data)
    .data                                    0x20000168   Section      257  matrix.o(.data)
    .data                                    0x2000026c   Section        4  system_mdr32f9qx.o(.data)
    .bss                                     0x20000270   Section       12  usbhw_mdr32f9x.o(.bss)
    .bss                                     0x2000027c   Section      188  mdr32f9qx_usb_device.o(.bss)
    .bss                                     0x20000338   Section      404  queue.o(.bss)
    .bss                                     0x200004cc   Section       96  libspace.o(.bss)
    HEAP                                     0x20000530   Section      512  startup_mdr32f9qx.o(HEAP)
    Heap_Mem                                 0x20000530   Data         512  startup_mdr32f9qx.o(HEAP)
    STACK                                    0x20000730   Section     1024  startup_mdr32f9qx.o(STACK)
    Stack_Mem                                0x20000730   Data        1024  startup_mdr32f9qx.o(STACK)
    __initial_sp                             0x20000b30   Data           0  startup_mdr32f9qx.o(STACK)

    Global Symbols

    Symbol Name                              Value     Ov Type        Size  Object(Section)

    BuildAttributes$$THM_ISAv4$P$D$K$B$S$PE$A:L22UL41UL21$X:L11$S22US41US21$IEEE1$IW$USESV6$~STKCKD$USESV7$~SHL$OSPACE$ROPI$EBA8$UX$STANDARDLIB$REQ8$PRES8$EABIv2 0x00000000   Number         0  anon$$obj.o ABSOLUTE
    __ARM_use_no_argv                        0x00000000   Number         0  main.o ABSOLUTE
    __ARM_exceptions_init                     - Undefined Weak Reference
    __alloca_initialize                       - Undefined Weak Reference
    __arm_preinit_                            - Undefined Weak Reference
    __cpp_initialize__aeabi_                  - Undefined Weak Reference
    __cxa_finalize                            - Undefined Weak Reference
    __rt_locale                               - Undefined Weak Reference
    __sigvec_lookup                           - Undefined Weak Reference
    _atexit_init                              - Undefined Weak Reference
    _call_atexit_fns                          - Undefined Weak Reference
    _clock_init                               - Undefined Weak Reference
    _fp_trap_init                             - Undefined Weak Reference
    _fp_trap_shutdown                         - Undefined Weak Reference
    _get_lc_collate                           - Undefined Weak Reference
    _get_lc_ctype                             - Undefined Weak Reference
    _get_lc_monetary                          - Undefined Weak Reference
    _get_lc_numeric                           - Undefined Weak Reference
    _get_lc_time                              - Undefined Weak Reference
    _getenv_init                              - Undefined Weak Reference
    _handle_redirection                       - Undefined Weak Reference
    _init_alloc                               - Undefined Weak Reference
    _init_user_alloc                          - Undefined Weak Reference
    _initio                                   - Undefined Weak Reference
    _rand_init                                - Undefined Weak Reference
    _signal_finish                            - Undefined Weak Reference
    _signal_init                              - Undefined Weak Reference
    _terminate_alloc                          - Undefined Weak Reference
    _terminate_user_alloc                     - Undefined Weak Reference
    _terminateio                              - Undefined Weak Reference
    __Vectors_Size                           0x000000c0   Number         0  startup_mdr32f9qx.o ABSOLUTE
    __Vectors                                0x08000000   Data           4  startup_mdr32f9qx.o(RESET)
    __Vectors_End                            0x080000c0   Data           0  startup_mdr32f9qx.o(RESET)
    __main                                   0x080000c1   Thumb Code     8  __main.o(!!!main)
    __scatterload                            0x080000c9   Thumb Code     0  __scatter.o(!!!scatter)
    __scatterload_rt2                        0x080000c9   Thumb Code    44  __scatter.o(!!!scatter)
    __scatterload_rt2_thumb_only             0x080000c9   Thumb Code     0  __scatter.o(!!!scatter)
    __scatterload_null                       0x080000d7   Thumb Code     0  __scatter.o(!!!scatter)
    __decompress                             0x080000fd   Thumb Code    90  __dczerorl2.o(!!dczerorl2)
    __decompress1                            0x080000fd   Thumb Code     0  __dczerorl2.o(!!dczerorl2)
    __scatterload_zeroinit                   0x08000159   Thumb Code    28  __scatter_zi.o(!!handler_zi)
    __rt_lib_init                            0x08000175   Thumb Code     0  libinit.o(.ARM.Collect$$libinit$$00000000)
    __rt_lib_init_alloca_1                   0x08000177   Thumb Code     0  libinit2.o(.ARM.Collect$$libinit$$0000002E)
    __rt_lib_init_argv_1                     0x08000177   Thumb Code     0  libinit2.o(.ARM.Collect$$libinit$$0000002C)
    __rt_lib_init_atexit_1                   0x08000177   Thumb Code     0  libinit2.o(.ARM.Collect$$libinit$$0000001B)
    __rt_lib_init_clock_1                    0x08000177   Thumb Code     0  libinit2.o(.ARM.Collect$$libinit$$00000021)
    __rt_lib_init_cpp_1                      0x08000177   Thumb Code     0  libinit2.o(.ARM.Collect$$libinit$$00000032)
    __rt_lib_init_exceptions_1               0x08000177   Thumb Code     0  libinit2.o(.ARM.Collect$$libinit$$00000030)
    __rt_lib_init_fp_1                       0x08000177   Thumb Code     0  libinit2.o(.ARM.Collect$$libinit$$00000002)
    __rt_lib_init_fp_trap_1                  0x08000177   Thumb Code     0  libinit2.o(.ARM.Collect$$libinit$$0000001F)
    __rt_lib_init_getenv_1                   0x08000177   Thumb Code     0  libinit2.o(.ARM.Collect$$libinit$$00000023)
    __rt_lib_init_heap_1                     0x08000177   Thumb Code     0  libinit2.o(.ARM.Collect$$libinit$$0000000A)
    __rt_lib_init_lc_collate_1               0x08000177   Thumb Code     0  libinit2.o(.ARM.Collect$$libinit$$00000011)
    __rt_lib_init_lc_ctype_1                 0x08000177   Thumb Code     0  libinit2.o(.ARM.Collect$$libinit$$00000013)
    __rt_lib_init_lc_monetary_1              0x08000177   Thumb Code     0  libinit2.o(.ARM.Collect$$libinit$$00000015)
    __rt_lib_init_lc_numeric_1               0x08000177   Thumb Code     0  libinit2.o(.ARM.Collect$$libinit$$00000017)
    __rt_lib_init_lc_time_1                  0x08000177   Thumb Code     0  libinit2.o(.ARM.Collect$$libinit$$00000019)
    __rt_lib_init_preinit_1                  0x08000177   Thumb Code     0  libinit2.o(.ARM.Collect$$libinit$$00000004)
    __rt_lib_init_rand_1                     0x08000177   Thumb Code     0  libinit2.o(.ARM.Collect$$libinit$$0000000E)
    __rt_lib_init_return                     0x08000177   Thumb Code     0  libinit2.o(.ARM.Collect$$libinit$$00000033)
    __rt_lib_init_signal_1                   0x08000177   Thumb Code     0  libinit2.o(.ARM.Collect$$libinit$$0000001D)
    __rt_lib_init_stdio_1                    0x08000177   Thumb Code     0  libinit2.o(.ARM.Collect$$libinit$$00000025)
    __rt_lib_init_user_alloc_1               0x08000177   Thumb Code     0  libinit2.o(.ARM.Collect$$libinit$$0000000C)
    __rt_lib_shutdown                        0x08000179   Thumb Code     0  libshutdown.o(.ARM.Collect$$libshutdown$$00000000)
    __rt_lib_shutdown_cpp_1                  0x0800017b   Thumb Code     0  libshutdown2.o(.ARM.Collect$$libshutdown$$00000002)
    __rt_lib_shutdown_fp_trap_1              0x0800017b   Thumb Code     0  libshutdown2.o(.ARM.Collect$$libshutdown$$00000007)
    __rt_lib_shutdown_heap_1                 0x0800017b   Thumb Code     0  libshutdown2.o(.ARM.Collect$$libshutdown$$0000000F)
    __rt_lib_shutdown_return                 0x0800017b   Thumb Code     0  libshutdown2.o(.ARM.Collect$$libshutdown$$00000010)
    __rt_lib_shutdown_signal_1               0x0800017b   Thumb Code     0  libshutdown2.o(.ARM.Collect$$libshutdown$$0000000A)
    __rt_lib_shutdown_stdio_1                0x0800017b   Thumb Code     0  libshutdown2.o(.ARM.Collect$$libshutdown$$00000004)
    __rt_lib_shutdown_user_alloc_1           0x0800017b   Thumb Code     0  libshutdown2.o(.ARM.Collect$$libshutdown$$0000000C)
    __rt_entry                               0x0800017d   Thumb Code     0  __rtentry.o(.ARM.Collect$$rtentry$$00000000)
    __rt_entry_presh_1                       0x0800017d   Thumb Code     0  __rtentry2.o(.ARM.Collect$$rtentry$$00000002)
    __rt_entry_sh                            0x0800017d   Thumb Code     0  __rtentry4.o(.ARM.Collect$$rtentry$$00000004)
    __rt_entry_li                            0x08000183   Thumb Code     0  __rtentry2.o(.ARM.Collect$$rtentry$$0000000A)
    __rt_entry_postsh_1                      0x08000183   Thumb Code     0  __rtentry2.o(.ARM.Collect$$rtentry$$00000009)
    __rt_entry_main                          0x08000187   Thumb Code     0  __rtentry2.o(.ARM.Collect$$rtentry$$0000000D)
    __rt_entry_postli_1                      0x08000187   Thumb Code     0  __rtentry2.o(.ARM.Collect$$rtentry$$0000000C)
    __rt_exit                                0x0800018f   Thumb Code     0  rtexit.o(.ARM.Collect$$rtexit$$00000000)
    __rt_exit_ls                             0x08000191   Thumb Code     0  rtexit2.o(.ARM.Collect$$rtexit$$00000003)
    __rt_exit_prels_1                        0x08000191   Thumb Code     0  rtexit2.o(.ARM.Collect$$rtexit$$00000002)
    __rt_exit_exit                           0x08000195   Thumb Code     0  rtexit2.o(.ARM.Collect$$rtexit$$00000004)
    Reset_Handler                            0x0800019d   Thumb Code     8  startup_mdr32f9qx.o(.text)
    NMI_Handler                              0x080001a5   Thumb Code     2  startup_mdr32f9qx.o(.text)
    HardFault_Handler                        0x080001a7   Thumb Code     2  startup_mdr32f9qx.o(.text)
    MemManage_Handler                        0x080001a9   Thumb Code     2  startup_mdr32f9qx.o(.text)
    BusFault_Handler                         0x080001ab   Thumb Code     2  startup_mdr32f9qx.o(.text)
    UsageFault_Handler                       0x080001ad   Thumb Code     2  startup_mdr32f9qx.o(.text)
    SVC_Handler                              0x080001af   Thumb Code     2  startup_mdr32f9qx.o(.text)
    DebugMon_Handler                         0x080001b1   Thumb Code     2  startup_mdr32f9qx.o(.text)
    PendSV_Handler                           0x080001b3   Thumb Code     2  startup_mdr32f9qx.o(.text)
    ADC_IRQHandler                           0x080001b7   Thumb Code     0  startup_mdr32f9qx.o(.text)
    BACKUP_IRQHandler                        0x080001b7   Thumb Code     0  startup_mdr32f9qx.o(.text)
    CAN1_IRQHandler                          0x080001b7   Thumb Code     0  startup_mdr32f9qx.o(.text)
    CAN2_IRQHandler                          0x080001b7   Thumb Code     0  startup_mdr32f9qx.o(.text)
    COMPARATOR_IRQHandler                    0x080001b7   Thumb Code     0  startup_mdr32f9qx.o(.text)
    DMA_IRQHandler                           0x080001b7   Thumb Code     0  startup_mdr32f9qx.o(.text)
    EXT_INT1_IRQHandler                      0x080001b7   Thumb Code     0  startup_mdr32f9qx.o(.text)
    EXT_INT2_IRQHandler                      0x080001b7   Thumb Code     0  startup_mdr32f9qx.o(.text)
    EXT_INT3_IRQHandler                      0x080001b7   Thumb Code     0  startup_mdr32f9qx.o(.text)
    EXT_INT4_IRQHandler                      0x080001b7   Thumb Code     0  startup_mdr32f9qx.o(.text)
    I2C_IRQHandler                           0x080001b7   Thumb Code     0  startup_mdr32f9qx.o(.text)
    POWER_IRQHandler                         0x080001b7   Thumb Code     0  startup_mdr32f9qx.o(.text)
    SSP1_IRQHandler                          0x080001b7   Thumb Code     0  startup_mdr32f9qx.o(.text)
    SSP2_IRQHandler                          0x080001b7   Thumb Code     0  startup_mdr32f9qx.o(.text)
    Timer1_IRQHandler                        0x080001b7   Thumb Code     0  startup_mdr32f9qx.o(.text)
    UART1_IRQHandler                         0x080001b7   Thumb Code     0  startup_mdr32f9qx.o(.text)
    UART2_IRQHandler                         0x080001b7   Thumb Code     0  startup_mdr32f9qx.o(.text)
    WWDG_IRQHandler                          0x080001b7   Thumb Code     0  startup_mdr32f9qx.o(.text)
    __user_initial_stackheap                 0x080001b9   Thumb Code     0  startup_mdr32f9qx.o(.text)
    __aeabi_memcpy                           0x080001dd   Thumb Code     0  rt_memcpy_v6.o(.text)
    __rt_memcpy                              0x080001dd   Thumb Code   138  rt_memcpy_v6.o(.text)
    _memcpy_lastbytes                        0x08000243   Thumb Code     0  rt_memcpy_v6.o(.text)
    __use_two_region_memory                  0x08000267   Thumb Code     2  heapauxi.o(.text)
    __rt_heap_escrow$2region                 0x08000269   Thumb Code     2  heapauxi.o(.text)
    __rt_heap_expand$2region                 0x0800026b   Thumb Code     2  heapauxi.o(.text)
    __aeabi_memcpy4                          0x0800026d   Thumb Code     0  rt_memcpy_w.o(.text)
    __aeabi_memcpy8                          0x0800026d   Thumb Code     0  rt_memcpy_w.o(.text)
    __rt_memcpy_w                            0x0800026d   Thumb Code   100  rt_memcpy_w.o(.text)
    _memcpy_lastbytes_aligned                0x080002b5   Thumb Code     0  rt_memcpy_w.o(.text)
    __user_setup_stackheap                   0x080002d1   Thumb Code    74  sys_stackheap_outer.o(.text)
    exit                                     0x0800031b   Thumb Code    18  exit.o(.text)
    __user_libspace                          0x0800032d   Thumb Code     8  libspace.o(.text)
    __user_perproc_libspace                  0x0800032d   Thumb Code     0  libspace.o(.text)
    __user_perthread_libspace                0x0800032d   Thumb Code     0  libspace.o(.text)
    _sys_exit                                0x08000335   Thumb Code     8  sys_exit.o(.text)
    __I$use$semihosting                      0x08000341   Thumb Code     0  use_no_semi.o(.text)
    __use_no_semihosting_swi                 0x08000341   Thumb Code     2  use_no_semi.o(.text)
    __semihosting_library_function           0x08000343   Thumb Code     0  indicate_semi.o(.text)
    Clock_Configure                          0x08000345   Thumb Code    96  main.o(i.Clock_Configure)
    Clock_Hi                                 0x080003a9   Thumb Code    34  ps2phy.o(i.Clock_Hi)
    Clock_In                                 0x080003d1   Thumb Code    42  ps2phy.o(i.Clock_In)
    Clock_Lo                                 0x08000401   Thumb Code    24  ps2phy.o(i.Clock_Lo)
    Data_Hi                                  0x0800041d   Thumb Code    34  ps2phy.o(i.Data_Hi)
    Data_In                                  0x08000445   Thumb Code    50  ps2phy.o(i.Data_In)
    Data_Lo                                  0x0800047d   Thumb Code    24  ps2phy.o(i.Data_Lo)
    GetFeatureReport                         0x08000499   Thumb Code     2  main.o(i.GetFeatureReport)
    GetInReport                              0x0800049b   Thumb Code     2  main.o(i.GetInReport)
    GetStateLedsKeyboard                     0x0800049d   Thumb Code   110  main.o(i.GetStateLedsKeyboard)
    HID_GetIdle                              0x08000515   Thumb Code    16  hiduser.o(i.HID_GetIdle)
    HID_GetProtocol                          0x08000531   Thumb Code    12  hiduser.o(i.HID_GetProtocol)
    HID_GetReport                            0x08000545   Thumb Code    68  hiduser.o(i.HID_GetReport)
    HID_SetIdle                              0x08000599   Thumb Code    16  hiduser.o(i.HID_SetIdle)
    HID_SetProtocol                          0x080005b1   Thumb Code    12  hiduser.o(i.HID_SetProtocol)
    HID_SetReport                            0x080005c5   Thumb Code    62  hiduser.o(i.HID_SetReport)
    IO_Configure                             0x08000615   Thumb Code   224  main.o(i.IO_Configure)
    IWDG_ReloadCounter                       0x08000705   Thumb Code    10  main.o(i.IWDG_ReloadCounter)
    InitWdt                                  0x08000715   Thumb Code    42  main.o(i.InitWdt)
    Matrix_Get                               0x08000745   Thumb Code    54  matrix.o(i.Matrix_Get)
    Mouse_GetData                            0x080008a9   Thumb Code   264  kbms.o(i.Mouse_GetData)
    Mouse_Init                               0x080009c1   Thumb Code   216  kbms.o(i.Mouse_Init)
    Mouse_PS2_PhyOFF                         0x08000a99   Thumb Code    46  ps2phy.o(i.Mouse_PS2_PhyOFF)
    Mouse_PS2_PhyON                          0x08000ad1   Thumb Code    12  ps2phy.o(i.Mouse_PS2_PhyON)
    PORT_DeInit                              0x08000add   Thumb Code    20  mdr32f9qx_port.o(i.PORT_DeInit)
    PORT_Init                                0x08000af1   Thumb Code   450  mdr32f9qx_port.o(i.PORT_Init)
    PORT_Mouse_Setup                         0x08000cb9   Thumb Code   132  ps2phy.o(i.PORT_Mouse_Setup)
    PORT_StructInit                          0x08000d41   Thumb Code    28  mdr32f9qx_port.o(i.PORT_StructInit)
    PS2_Host_Receive                         0x08000d5d   Thumb Code    32  ps2protocol.o(i.PS2_Host_Receive)
    PS2_Host_Send                            0x08000d89   Thumb Code   258  ps2protocol.o(i.PS2_Host_Send)
    QueAdd                                   0x08000e8b   Thumb Code    30  queue.o(i.QueAdd)
    QueCreation                              0x08000ea9   Thumb Code     8  queue.o(i.QueCreation)
    QueDelete                                0x08000eb1   Thumb Code    52  queue.o(i.QueDelete)
    RST_CLK_CPU_PLLcmd                       0x08000ee5   Thumb Code     6  mdr32f9qx_rst_clk.o(i.RST_CLK_CPU_PLLcmd)
    RST_CLK_CPU_PLLconfig                    0x08000ef1   Thumb Code    54  mdr32f9qx_rst_clk.o(i.RST_CLK_CPU_PLLconfig)
    RST_CLK_CPU_PLLstatus                    0x08000f31   Thumb Code    52  mdr32f9qx_rst_clk.o(i.RST_CLK_CPU_PLLstatus)
    RST_CLK_CPU_PLLuse                       0x08000f65   Thumb Code     6  mdr32f9qx_rst_clk.o(i.RST_CLK_CPU_PLLuse)
    RST_CLK_CPUclkPrescaler                  0x08000f71   Thumb Code    18  mdr32f9qx_rst_clk.o(i.RST_CLK_CPUclkPrescaler)
    RST_CLK_CPUclkSelection                  0x08000f89   Thumb Code    16  mdr32f9qx_rst_clk.o(i.RST_CLK_CPUclkSelection)
    RST_CLK_GetFlagStatus                    0x08000f9d   Thumb Code    42  mdr32f9qx_rst_clk.o(i.RST_CLK_GetFlagStatus)
    RST_CLK_HSEconfig                        0x08000fd1   Thumb Code    56  mdr32f9qx_rst_clk.o(i.RST_CLK_HSEconfig)
    RST_CLK_HSEstatus                        0x0800100d   Thumb Code    52  mdr32f9qx_rst_clk.o(i.RST_CLK_HSEstatus)
    RST_CLK_PCLKcmd                          0x08001041   Thumb Code    26  mdr32f9qx_rst_clk.o(i.RST_CLK_PCLKcmd)
    ScanPortConfiguration                    0x08001061   Thumb Code    40  config.o(i.ScanPortConfiguration)
    Send_Repeatly                            0x08001091   Thumb Code    40  kbms.o(i.Send_Repeatly)
    SetConfigUSBDevice                       0x080010bd   Thumb Code   134  main.o(i.SetConfigUSBDevice)
    SetFeatureReport                         0x08001159   Thumb Code     2  main.o(i.SetFeatureReport)
    SetOutReport                             0x0800115b   Thumb Code     2  main.o(i.SetOutReport)
    SysTickStart                             0x0800115d   Thumb Code    16  systick.o(i.SysTickStart)
    SysTick_Handler                          0x0800116d   Thumb Code    28  systick.o(i.SysTick_Handler)
    SystemCoreClockUpdate                    0x08001191   Thumb Code   130  system_mdr32f9qx.o(i.SystemCoreClockUpdate)
    SystemInit                               0x08001221   Thumb Code    54  system_mdr32f9qx.o(i.SystemInit)
    TIMER2_ETR_Setup                         0x08001261   Thumb Code    58  ps2phy.o(i.TIMER2_ETR_Setup)
    TIMER3_ETR_Setup                         0x080012a5   Thumb Code    56  ps2phy.o(i.TIMER3_ETR_Setup)
    Timer2_IRQHandler                        0x080012e5   Thumb Code   316  ps2phy.o(i.Timer2_IRQHandler)
    Timer3_IRQHandler                        0x08001441   Thumb Code   290  ps2phy.o(i.Timer3_IRQHandler)
    USB_BRGInit                              0x08001585   Thumb Code    54  mdr32f9qx_usb.o(i.USB_BRGInit)
    USB_ClrStallEP                           0x080015c1   Thumb Code     2  usbhw_mdr32f9x.o(i.USB_ClrStallEP)
    USB_ConfigEP                             0x080015c3   Thumb Code     2  usbhw_mdr32f9x.o(i.USB_ConfigEP)
    USB_Configure                            0x080015c5   Thumb Code     2  usbhw_mdr32f9x.o(i.USB_Configure)
    USB_Connect                              0x080015c7   Thumb Code    26  usbhw_mdr32f9x.o(i.USB_Connect)
    USB_DataInStage                          0x080015e1   Thumb Code    52  usbcore.o(i.USB_DataInStage)
    USB_DataOutStage                         0x08001619   Thumb Code    34  usbcore.o(i.USB_DataOutStage)
    USB_DeviceClearFeature                   0x08001641   Thumb Code    26  mdr32f9qx_usb_device.o(i.USB_DeviceClearFeature)
    USB_DeviceInit                           0x0800165d   Thumb Code    74  mdr32f9qx_usb_device.o(i.USB_DeviceInit)
    USB_DevicePowerOff                       0x080016b5   Thumb Code    18  mdr32f9qx_usb_device.o(i.USB_DevicePowerOff)
    USB_DevicePowerOn                        0x080016cd   Thumb Code    18  mdr32f9qx_usb_device.o(i.USB_DevicePowerOn)
    USB_DeviceReset                          0x080016e5   Thumb Code    10  mdr32f9qx_usb_device.o(i.USB_DeviceReset)
    USB_DeviceSetFeature                     0x080016f5   Thumb Code    28  mdr32f9qx_usb_device.o(i.USB_DeviceSetFeature)
    USB_DeviceSetupPacket                    0x08001711   Thumb Code   586  mdr32f9qx_usb_device.o(i.USB_DeviceSetupPacket)
    USB_DirCtrlEP                            0x08001995   Thumb Code     2  usbhw_mdr32f9x.o(i.USB_DirCtrlEP)
    USB_DisableEP                            0x08001999   Thumb Code    26  usbhw_mdr32f9x.o(i.USB_DisableEP)
    USB_EP_Idle                              0x080019b9   Thumb Code    60  mdr32f9qx_usb_device.o(i.USB_EP_Idle)
    USB_EP_Init                              0x080019f9   Thumb Code    66  mdr32f9qx_usb_device.o(i.USB_EP_Init)
    USB_EP_Reset                             0x08001a41   Thumb Code    36  mdr32f9qx_usb_device.o(i.USB_EP_Reset)
    USB_EP_Stall                             0x08001a99   Thumb Code    64  mdr32f9qx_usb_device.o(i.USB_EP_Stall)
    USB_EP_doDataIn                          0x08001add   Thumb Code    72  mdr32f9qx_usb_device.o(i.USB_EP_doDataIn)
    USB_EP_doDataOut                         0x08001b29   Thumb Code    56  mdr32f9qx_usb_device.o(i.USB_EP_doDataOut)
    USB_EP_setSetupHandler                   0x08001be1   Thumb Code    58  mdr32f9qx_usb_device.o(i.USB_EP_setSetupHandler)
    USB_EnableEP                             0x08001c21   Thumb Code    38  usbhw_mdr32f9x.o(i.USB_EnableEP)
    USB_EndPoint0                            0x08001c4d   Thumb Code   812  usbcore.o(i.USB_EndPoint0)
    USB_EndPoint1                            0x08001f9d   Thumb Code     2  usbuser.o(i.USB_EndPoint1)
    USB_EndPoint2                            0x08001f9f   Thumb Code     2  usbuser.o(i.USB_EndPoint2)
    USB_Error_Event                          0x08001fa1   Thumb Code     2  usbuser.o(i.USB_Error_Event)
    USB_IRQHandler                           0x08001fa5   Thumb Code   256  usbhw_mdr32f9x.o(i.USB_IRQHandler)
    USB_Init                                 0x080020b1   Thumb Code    58  usbhw_mdr32f9x.o(i.USB_Init)
    USB_ReadEP                               0x0800211d   Thumb Code    56  usbhw_mdr32f9x.o(i.USB_ReadEP)
    USB_ReqGetDescriptor                     0x0800215d   Thumb Code   318  usbcore.o(i.USB_ReqGetDescriptor)
    USB_ReqGetStatus                         0x080022c5   Thumb Code   160  usbcore.o(i.USB_ReqGetStatus)
    USB_ReqSetClrFeature                     0x08002385   Thumb Code   210  usbcore.o(i.USB_ReqSetClrFeature)
    USB_ReqSetConfiguration                  0x08002471   Thumb Code   402  usbcore.o(i.USB_ReqSetConfiguration)
    USB_ReqSetInterface                      0x08002629   Thumb Code   278  usbcore.o(i.USB_ReqSetInterface)
    USB_Reset                                0x08002759   Thumb Code    30  mdr32f9qx_usb.o(i.USB_Reset)
    USB_ResetCore                            0x08002779   Thumb Code    34  usbcore.o(i.USB_ResetCore)
    USB_ResetEP                              0x080027b5   Thumb Code    12  usbhw_mdr32f9x.o(i.USB_ResetEP)
    USB_ResetIRQ                             0x080027c1   Thumb Code    52  usbhw_mdr32f9x.o(i.USB_ResetIRQ)
    USB_Reset_Event                          0x08002801   Thumb Code     8  usbuser.o(i.USB_Reset_Event)
    USB_SEPxToggleEPDATASEQ                  0x08002809   Thumb Code    22  mdr32f9qx_usb.o(i.USB_SEPxToggleEPDATASEQ)
    USB_SetAddress                           0x08002825   Thumb Code    22  usbhw_mdr32f9x.o(i.USB_SetAddress)
    USB_SetHSCR                              0x08002845   Thumb Code    24  mdr32f9qx_usb.o(i.USB_SetHSCR)
    USB_SetSA                                0x08002865   Thumb Code     6  mdr32f9qx_usb.o(i.USB_SetSA)
    USB_SetSC                                0x08002871   Thumb Code    24  mdr32f9qx_usb.o(i.USB_SetSC)
    USB_SetSEPxCTRL                          0x08002891   Thumb Code    34  mdr32f9qx_usb.o(i.USB_SetSEPxCTRL)
    USB_SetSEPxTXFD                          0x080028bd   Thumb Code    10  mdr32f9qx_usb.o(i.USB_SetSEPxTXFD)
    USB_SetSEPxTXFDC                         0x080028cd   Thumb Code    10  mdr32f9qx_usb.o(i.USB_SetSEPxTXFDC)
    USB_SetSIM                               0x080028dd   Thumb Code    24  mdr32f9qx_usb.o(i.USB_SetSIM)
    USB_SetSIS                               0x080028fd   Thumb Code     6  mdr32f9qx_usb.o(i.USB_SetSIS)
    USB_SetStallEP                           0x08002909   Thumb Code    14  usbhw_mdr32f9x.o(i.USB_SetStallEP)
    USB_SetupStage                           0x08002919   Thumb Code    12  usbcore.o(i.USB_SetupStage)
    USB_StatusInStage                        0x08002929   Thumb Code    14  usbcore.o(i.USB_StatusInStage)
    USB_StatusOutStage                       0x08002939   Thumb Code    12  usbcore.o(i.USB_StatusOutStage)
    USB_WakeUpCfg                            0x08002949   Thumb Code     2  usbhw_mdr32f9x.o(i.USB_WakeUpCfg)
    USB_WriteEP                              0x0800294d   Thumb Code   178  usbhw_mdr32f9x.o(i.USB_WriteEP)
    Wait_Mouse_Clock_Hi                      0x08002a09   Thumb Code    32  ps2phy.o(i.Wait_Mouse_Clock_Hi)
    Wait_Mouse_Clock_Lo                      0x08002a29   Thumb Code    32  ps2phy.o(i.Wait_Mouse_Clock_Lo)
    Wait_Mouse_Data_Hi                       0x08002a49   Thumb Code    32  ps2phy.o(i.Wait_Mouse_Data_Hi)
    Wait_Mouse_Data_Lo                       0x08002a69   Thumb Code    32  ps2phy.o(i.Wait_Mouse_Data_Lo)
    _delay_ms                                0x08002ac9   Thumb Code    16  systick.o(i._delay_ms)
    _delay_us                                0x08002add   Thumb Code    30  systick.o(i._delay_us)
    main                                     0x08002b15   Thumb Code   218  main.o(i.main)
    matrix_scan                              0x08002c1d   Thumb Code   554  kbms.o(i.matrix_scan)
    uiQueTop                                 0x08002e59   Thumb Code     6  queue.o(i.uiQueTop)
    HID_ReportDescriptor                     0x08002e5e   Data          63  usbdesc.o(.constdata)
    HID_ReportDescriptorM                    0x08002e9d   Data          52  usbdesc.o(.constdata)
    HID_ReportDescSize                       0x08002ed2   Data           2  usbdesc.o(.constdata)
    HID_ReportDescSizeM                      0x08002ed4   Data           2  usbdesc.o(.constdata)
    USB_P_EP                                 0x08002ed8   Data          64  usbuser.o(.constdata)
    matrix_configs                           0x08002f18   Data           4  config.o(.constdata)
    USB_Descriptors                          0x08002f1c   Data         537  config.o(.constdata)
    Region$$Table$$Base                      0x08003138   Number         0  anon$$obj.o(Region$$Table)
    Region$$Table$$Limit                     0x08003158   Number         0  anon$$obj.o(Region$$Table)
    HID_Protocol                             0x20000000   Data           1  hiduser.o(.data)
    HID_IdleTime                             0x20000001   Data           1  hiduser.o(.data)
    InReport                                 0x20000002   Data           8  main.o(.data)
    OutReport                                0x2000000a   Data           8  main.o(.data)
    FeatureReport                            0x20000012   Data           8  main.o(.data)
    InReport2                                0x2000001a   Data           8  main.o(.data)
    OutReport2                               0x20000022   Data           8  main.o(.data)
    FeatureReport2                           0x2000002a   Data           8  main.o(.data)
    RequestDataID                            0x20000032   Data           1  main.o(.data)
    StateLEDs                                0x20000033   Data           1  main.o(.data)
    t                                        0x20000034   Data           1  usbcore.o(.data)
    USB_DeviceStatus                         0x20000036   Data           2  usbcore.o(.data)
    USB_DeviceAddress                        0x20000038   Data           1  usbcore.o(.data)
    USB_Configuration                        0x20000039   Data           1  usbcore.o(.data)
    USB_EndPointMask                         0x2000003c   Data           4  usbcore.o(.data)
    USB_EndPointHalt                         0x20000040   Data           4  usbcore.o(.data)
    USB_EndPointStall                        0x20000044   Data           4  usbcore.o(.data)
    USB_NumInterfaces                        0x20000048   Data           1  usbcore.o(.data)
    USB_AltSetting                           0x20000049   Data           2  usbcore.o(.data)
    EP0Buf                                   0x2000004b   Data           8  usbcore.o(.data)
    EP0Data                                  0x20000054   Data           8  usbcore.o(.data)
    SetupPacket                              0x2000005c   Data           8  usbcore.o(.data)
    lenght_conf                              0x20000064   Data           4  usbdesc.o(.data)
    InitHIDev                                0x20000068   Data           1  usbdesc.o(.data)
    USB_DeviceDescriptor                     0x20000069   Data          18  usbdesc.o(.data)
    USB_ConfigDescriptor                     0x2000007b   Data          66  usbdesc.o(.data)
    USB_StringDescriptor                     0x200000bd   Data          90  usbdesc.o(.data)
    FreeBufAddr                              0x20000118   Data           2  usbhw_mdr32f9x.o(.data)
    USB_Clock_InitStruct                     0x2000011c   Data           8  usbhw_mdr32f9x.o(.data)
    Temp                                     0x20000124   Data           1  usbhw_mdr32f9x.o(.data)
    TimingDelay_ms                           0x20000128   Data           4  systick.o(.data)
    Ticks                                    0x2000012c   Data           4  systick.o(.data)
    one_us                                   0x20000130   Data           1  systick.o(.data)
    TimingDelay_us                           0x20000134   Data           4  systick.o(.data)
    USB_CurrentSetupPacket                   0x20000138   Data           8  mdr32f9qx_usb_device.o(.data)
    mouse_status                             0x20000148   Data           1  kbms.o(.data)
    kboard_status                            0x20000149   Data           1  kbms.o(.data)
    KB_data                                  0x2000014a   Data           1  kbms.o(.data)
    It_Is_Modifier                           0x2000014b   Data           1  kbms.o(.data)
    mouseHID                                 0x2000014c   Data           4  kbms.o(.data)
    keyboardHID                              0x20000150   Data           8  kbms.o(.data)
    BufferReceive                            0x2000015a   Data           1  ps2phy.o(.data)
    BufferReceive_mb                         0x2000015b   Data           1  ps2phy.o(.data)
    Flag                                     0x2000015c   Data           2  ps2phy.o(.data)
    Flag_mb                                  0x2000015e   Data           2  ps2phy.o(.data)
    Status_mb                                0x20000160   Data           2  ps2phy.o(.data)
    matrix                                   0x20000168   Data         256  matrix.o(.data)
    move_e                                   0x20000268   Data           1  matrix.o(.data)
    SystemCoreClock                          0x2000026c   Data           4  system_mdr32f9qx.o(.data)
    USB_DeviceBUSParam                       0x20000270   Data          12  usbhw_mdr32f9x.o(.bss)
    USB_EPContext                            0x2000027c   Data         176  mdr32f9qx_usb_device.o(.bss)
    USB_DeviceContext                        0x2000032c   Data          12  mdr32f9qx_usb_device.o(.bss)
    QueueIn                                  0x20000338   Data         202  queue.o(.bss)
    QueueKB                                  0x20000402   Data         202  queue.o(.bss)
    __libspace_start                         0x200004cc   Data          96  libspace.o(.bss)
    __temporary_stack_top$libspace           0x2000052c   Data           0  libspace.o(.bss)



==============================================================================

Memory Map of the image

  Image Entry point : 0x080000c1

  Load Region LR_IROM1 (Base: 0x08000000, Size: 0x000033c8, Max: 0x00020000, ABSOLUTE, COMPRESSED[0x00003290])

    Execution Region ER_IROM1 (Exec base: 0x08000000, Load base: 0x08000000, Size: 0x00003158, Max: 0x00020000, ABSOLUTE)

    Exec Addr    Load Addr    Size         Type   Attr      Idx    E Section Name        Object

    0x08000000   0x08000000   0x000000c0   Data   RO         1366    RESET               startup_mdr32f9qx.o
    0x080000c0   0x080000c0   0x00000008   Code   RO         2673  * !!!main             c_w.l(__main.o)
    0x080000c8   0x080000c8   0x00000034   Code   RO         2834    !!!scatter          c_w.l(__scatter.o)
    0x080000fc   0x080000fc   0x0000005a   Code   RO         2832    !!dczerorl2         c_w.l(__dczerorl2.o)
    0x08000156   0x08000156   0x00000002   PAD
    0x08000158   0x08000158   0x0000001c   Code   RO         2836    !!handler_zi        c_w.l(__scatter_zi.o)
    0x08000174   0x08000174   0x00000002   Code   RO         2702    .ARM.Collect$$libinit$$00000000  c_w.l(libinit.o)
    0x08000176   0x08000176   0x00000000   Code   RO         2709    .ARM.Collect$$libinit$$00000002  c_w.l(libinit2.o)
    0x08000176   0x08000176   0x00000000   Code   RO         2711    .ARM.Collect$$libinit$$00000004  c_w.l(libinit2.o)
    0x08000176   0x08000176   0x00000000   Code   RO         2714    .ARM.Collect$$libinit$$0000000A  c_w.l(libinit2.o)
    0x08000176   0x08000176   0x00000000   Code   RO         2716    .ARM.Collect$$libinit$$0000000C  c_w.l(libinit2.o)
    0x08000176   0x08000176   0x00000000   Code   RO         2718    .ARM.Collect$$libinit$$0000000E  c_w.l(libinit2.o)
    0x08000176   0x08000176   0x00000000   Code   RO         2721    .ARM.Collect$$libinit$$00000011  c_w.l(libinit2.o)
    0x08000176   0x08000176   0x00000000   Code   RO         2723    .ARM.Collect$$libinit$$00000013  c_w.l(libinit2.o)
    0x08000176   0x08000176   0x00000000   Code   RO         2725    .ARM.Collect$$libinit$$00000015  c_w.l(libinit2.o)
    0x08000176   0x08000176   0x00000000   Code   RO         2727    .ARM.Collect$$libinit$$00000017  c_w.l(libinit2.o)
    0x08000176   0x08000176   0x00000000   Code   RO         2729    .ARM.Collect$$libinit$$00000019  c_w.l(libinit2.o)
    0x08000176   0x08000176   0x00000000   Code   RO         2731    .ARM.Collect$$libinit$$0000001B  c_w.l(libinit2.o)
    0x08000176   0x08000176   0x00000000   Code   RO         2733    .ARM.Collect$$libinit$$0000001D  c_w.l(libinit2.o)
    0x08000176   0x08000176   0x00000000   Code   RO         2735    .ARM.Collect$$libinit$$0000001F  c_w.l(libinit2.o)
    0x08000176   0x08000176   0x00000000   Code   RO         2737    .ARM.Collect$$libinit$$00000021  c_w.l(libinit2.o)
    0x08000176   0x08000176   0x00000000   Code   RO         2739    .ARM.Collect$$libinit$$00000023  c_w.l(libinit2.o)
    0x08000176   0x08000176   0x00000000   Code   RO         2741    .ARM.Collect$$libinit$$00000025  c_w.l(libinit2.o)
    0x08000176   0x08000176   0x00000000   Code   RO         2745    .ARM.Collect$$libinit$$0000002C  c_w.l(libinit2.o)
    0x08000176   0x08000176   0x00000000   Code   RO         2747    .ARM.Collect$$libinit$$0000002E  c_w.l(libinit2.o)
    0x08000176   0x08000176   0x00000000   Code   RO         2749    .ARM.Collect$$libinit$$00000030  c_w.l(libinit2.o)
    0x08000176   0x08000176   0x00000000   Code   RO         2751    .ARM.Collect$$libinit$$00000032  c_w.l(libinit2.o)
    0x08000176   0x08000176   0x00000002   Code   RO         2752    .ARM.Collect$$libinit$$00000033  c_w.l(libinit2.o)
    0x08000178   0x08000178   0x00000002   Code   RO         2772    .ARM.Collect$$libshutdown$$00000000  c_w.l(libshutdown.o)
    0x0800017a   0x0800017a   0x00000000   Code   RO         2785    .ARM.Collect$$libshutdown$$00000002  c_w.l(libshutdown2.o)
    0x0800017a   0x0800017a   0x00000000   Code   RO         2787    .ARM.Collect$$libshutdown$$00000004  c_w.l(libshutdown2.o)
    0x0800017a   0x0800017a   0x00000000   Code   RO         2790    .ARM.Collect$$libshutdown$$00000007  c_w.l(libshutdown2.o)
    0x0800017a   0x0800017a   0x00000000   Code   RO         2793    .ARM.Collect$$libshutdown$$0000000A  c_w.l(libshutdown2.o)
    0x0800017a   0x0800017a   0x00000000   Code   RO         2795    .ARM.Collect$$libshutdown$$0000000C  c_w.l(libshutdown2.o)
    0x0800017a   0x0800017a   0x00000000   Code   RO         2798    .ARM.Collect$$libshutdown$$0000000F  c_w.l(libshutdown2.o)
    0x0800017a   0x0800017a   0x00000002   Code   RO         2799    .ARM.Collect$$libshutdown$$00000010  c_w.l(libshutdown2.o)
    0x0800017c   0x0800017c   0x00000000   Code   RO         2675    .ARM.Collect$$rtentry$$00000000  c_w.l(__rtentry.o)
    0x0800017c   0x0800017c   0x00000000   Code   RO         2679    .ARM.Collect$$rtentry$$00000002  c_w.l(__rtentry2.o)
    0x0800017c   0x0800017c   0x00000006   Code   RO         2691    .ARM.Collect$$rtentry$$00000004  c_w.l(__rtentry4.o)
    0x08000182   0x08000182   0x00000000   Code   RO         2681    .ARM.Collect$$rtentry$$00000009  c_w.l(__rtentry2.o)
    0x08000182   0x08000182   0x00000004   Code   RO         2682    .ARM.Collect$$rtentry$$0000000A  c_w.l(__rtentry2.o)
    0x08000186   0x08000186   0x00000000   Code   RO         2684    .ARM.Collect$$rtentry$$0000000C  c_w.l(__rtentry2.o)
    0x08000186   0x08000186   0x00000008   Code   RO         2685    .ARM.Collect$$rtentry$$0000000D  c_w.l(__rtentry2.o)
    0x0800018e   0x0800018e   0x00000002   Code   RO         2706    .ARM.Collect$$rtexit$$00000000  c_w.l(rtexit.o)
    0x08000190   0x08000190   0x00000000   Code   RO         2754    .ARM.Collect$$rtexit$$00000002  c_w.l(rtexit2.o)
    0x08000190   0x08000190   0x00000004   Code   RO         2755    .ARM.Collect$$rtexit$$00000003  c_w.l(rtexit2.o)
    0x08000194   0x08000194   0x00000006   Code   RO         2756    .ARM.Collect$$rtexit$$00000004  c_w.l(rtexit2.o)
    0x0800019a   0x0800019a   0x00000002   PAD
    0x0800019c   0x0800019c   0x00000040   Code   RO         1367    .text               startup_mdr32f9qx.o
    0x080001dc   0x080001dc   0x0000008a   Code   RO         2669    .text               c_w.l(rt_memcpy_v6.o)
    0x08000266   0x08000266   0x00000006   Code   RO         2671    .text               c_w.l(heapauxi.o)
    0x0800026c   0x0800026c   0x00000064   Code   RO         2676    .text               c_w.l(rt_memcpy_w.o)
    0x080002d0   0x080002d0   0x0000004a   Code   RO         2693    .text               c_w.l(sys_stackheap_outer.o)
    0x0800031a   0x0800031a   0x00000012   Code   RO         2695    .text               c_w.l(exit.o)
    0x0800032c   0x0800032c   0x00000008   Code   RO         2703    .text               c_w.l(libspace.o)
    0x08000334   0x08000334   0x0000000c   Code   RO         2764    .text               c_w.l(sys_exit.o)
    0x08000340   0x08000340   0x00000002   Code   RO         2775    .text               c_w.l(use_no_semi.o)
    0x08000342   0x08000342   0x00000000   Code   RO         2777    .text               c_w.l(indicate_semi.o)
    0x08000342   0x08000342   0x00000002   PAD
    0x08000344   0x08000344   0x00000064   Code   RO          147    i.Clock_Configure   main.o
    0x080003a8   0x080003a8   0x00000028   Code   RO         1090    i.Clock_Hi          ps2phy.o
    0x080003d0   0x080003d0   0x00000030   Code   RO         1091    i.Clock_In          ps2phy.o
    0x08000400   0x08000400   0x0000001c   Code   RO         1092    i.Clock_Lo          ps2phy.o
    0x0800041c   0x0800041c   0x00000028   Code   RO         1093    i.Data_Hi           ps2phy.o
    0x08000444   0x08000444   0x00000038   Code   RO         1094    i.Data_In           ps2phy.o
    0x0800047c   0x0800047c   0x0000001c   Code   RO         1095    i.Data_Lo           ps2phy.o
    0x08000498   0x08000498   0x00000002   Code   RO          148    i.GetFeatureReport  main.o
    0x0800049a   0x0800049a   0x00000002   Code   RO          149    i.GetInReport       main.o
    0x0800049c   0x0800049c   0x00000078   Code   RO          150    i.GetStateLedsKeyboard  main.o
    0x08000514   0x08000514   0x0000001c   Code   RO            4    i.HID_GetIdle       hiduser.o
    0x08000530   0x08000530   0x00000014   Code   RO            5    i.HID_GetProtocol   hiduser.o
    0x08000544   0x08000544   0x00000054   Code   RO            6    i.HID_GetReport     hiduser.o
    0x08000598   0x08000598   0x00000018   Code   RO            7    i.HID_SetIdle       hiduser.o
    0x080005b0   0x080005b0   0x00000014   Code   RO            8    i.HID_SetProtocol   hiduser.o
    0x080005c4   0x080005c4   0x00000050   Code   RO            9    i.HID_SetReport     hiduser.o
    0x08000614   0x08000614   0x000000f0   Code   RO          151    i.IO_Configure      main.o
    0x08000704   0x08000704   0x00000010   Code   RO          152    i.IWDG_ReloadCounter  main.o
    0x08000714   0x08000714   0x00000030   Code   RO          153    i.InitWdt           main.o
    0x08000744   0x08000744   0x0000003c   Code   RO         1306    i.Matrix_Get        matrix.o
    0x08000780   0x08000780   0x00000094   Code   RO         1028    i.Modifier_Reset    kbms.o
    0x08000814   0x08000814   0x00000094   Code   RO         1029    i.Modifier_Set      kbms.o
    0x080008a8   0x080008a8   0x00000118   Code   RO         1030    i.Mouse_GetData     kbms.o
    0x080009c0   0x080009c0   0x000000d8   Code   RO         1031    i.Mouse_Init        kbms.o
    0x08000a98   0x08000a98   0x00000038   Code   RO         1096    i.Mouse_PS2_PhyOFF  ps2phy.o
    0x08000ad0   0x08000ad0   0x0000000c   Code   RO         1097    i.Mouse_PS2_PhyON   ps2phy.o
    0x08000adc   0x08000adc   0x00000014   Code   RO         1410    i.PORT_DeInit       mdr32f9qx_port.o
    0x08000af0   0x08000af0   0x000001c8   Code   RO         1411    i.PORT_Init         mdr32f9qx_port.o
    0x08000cb8   0x08000cb8   0x00000088   Code   RO         1098    i.PORT_Mouse_Setup  ps2phy.o
    0x08000d40   0x08000d40   0x0000001c   Code   RO         1416    i.PORT_StructInit   mdr32f9qx_port.o
    0x08000d5c   0x08000d5c   0x0000002c   Code   RO         1230    i.PS2_Host_Receive  ps2protocol.o
    0x08000d88   0x08000d88   0x00000102   Code   RO         1231    i.PS2_Host_Send     ps2protocol.o
    0x08000e8a   0x08000e8a   0x0000001e   Code   RO         1257    i.QueAdd            queue.o
    0x08000ea8   0x08000ea8   0x00000008   Code   RO         1259    i.QueCreation       queue.o
    0x08000eb0   0x08000eb0   0x00000034   Code   RO         1260    i.QueDelete         queue.o
    0x08000ee4   0x08000ee4   0x0000000c   Code   RO         1596    i.RST_CLK_CPU_PLLcmd  mdr32f9qx_rst_clk.o
    0x08000ef0   0x08000ef0   0x00000040   Code   RO         1597    i.RST_CLK_CPU_PLLconfig  mdr32f9qx_rst_clk.o
    0x08000f30   0x08000f30   0x00000034   Code   RO         1598    i.RST_CLK_CPU_PLLstatus  mdr32f9qx_rst_clk.o
    0x08000f64   0x08000f64   0x0000000c   Code   RO         1599    i.RST_CLK_CPU_PLLuse  mdr32f9qx_rst_clk.o
    0x08000f70   0x08000f70   0x00000018   Code   RO         1600    i.RST_CLK_CPUclkPrescaler  mdr32f9qx_rst_clk.o
    0x08000f88   0x08000f88   0x00000014   Code   RO         1601    i.RST_CLK_CPUclkSelection  mdr32f9qx_rst_clk.o
    0x08000f9c   0x08000f9c   0x00000034   Code   RO         1604    i.RST_CLK_GetFlagStatus  mdr32f9qx_rst_clk.o
    0x08000fd0   0x08000fd0   0x0000003c   Code   RO         1606    i.RST_CLK_HSEconfig  mdr32f9qx_rst_clk.o
    0x0800100c   0x0800100c   0x00000034   Code   RO         1607    i.RST_CLK_HSEstatus  mdr32f9qx_rst_clk.o
    0x08001040   0x08001040   0x00000020   Code   RO         1617    i.RST_CLK_PCLKcmd   mdr32f9qx_rst_clk.o
    0x08001060   0x08001060   0x00000030   Code   RO         1337    i.ScanPortConfiguration  config.o
    0x08001090   0x08001090   0x0000002c   Code   RO         1032    i.Send_Repeatly     kbms.o
    0x080010bc   0x080010bc   0x0000009c   Code   RO          154    i.SetConfigUSBDevice  main.o
    0x08001158   0x08001158   0x00000002   Code   RO          155    i.SetFeatureReport  main.o
    0x0800115a   0x0800115a   0x00000002   Code   RO          156    i.SetOutReport      main.o
    0x0800115c   0x0800115c   0x00000010   Code   RO          709    i.SysTickStart      systick.o
    0x0800116c   0x0800116c   0x00000024   Code   RO          711    i.SysTick_Handler   systick.o
    0x08001190   0x08001190   0x00000090   Code   RO         1374    i.SystemCoreClockUpdate  system_mdr32f9qx.o
    0x08001220   0x08001220   0x00000040   Code   RO         1375    i.SystemInit        system_mdr32f9qx.o
    0x08001260   0x08001260   0x00000044   Code   RO         1099    i.TIMER2_ETR_Setup  ps2phy.o
    0x080012a4   0x080012a4   0x00000040   Code   RO         1100    i.TIMER3_ETR_Setup  ps2phy.o
    0x080012e4   0x080012e4   0x0000015c   Code   RO         1101    i.Timer2_IRQHandler  ps2phy.o
    0x08001440   0x08001440   0x00000144   Code   RO         1102    i.Timer3_IRQHandler  ps2phy.o
    0x08001584   0x08001584   0x0000003c   Code   RO         2292    i.USB_BRGInit       mdr32f9qx_usb.o
    0x080015c0   0x080015c0   0x00000002   Code   RO          410    i.USB_ClrStallEP    usbhw_mdr32f9x.o
    0x080015c2   0x080015c2   0x00000002   Code   RO          411    i.USB_ConfigEP      usbhw_mdr32f9x.o
    0x080015c4   0x080015c4   0x00000002   Code   RO          412    i.USB_Configure     usbhw_mdr32f9x.o
    0x080015c6   0x080015c6   0x0000001a   Code   RO          413    i.USB_Connect       usbhw_mdr32f9x.o
    0x080015e0   0x080015e0   0x00000038   Code   RO          280    i.USB_DataInStage   usbcore.o
    0x08001618   0x08001618   0x00000028   Code   RO          281    i.USB_DataOutStage  usbcore.o
    0x08001640   0x08001640   0x0000001a   Code   RO          763    i.USB_DeviceClearFeature  mdr32f9qx_usb_device.o
    0x0800165a   0x0800165a   0x00000002   PAD
    0x0800165c   0x0800165c   0x00000058   Code   RO          779    i.USB_DeviceInit    mdr32f9qx_usb_device.o
    0x080016b4   0x080016b4   0x00000018   Code   RO          780    i.USB_DevicePowerOff  mdr32f9qx_usb_device.o
    0x080016cc   0x080016cc   0x00000018   Code   RO          781    i.USB_DevicePowerOn  mdr32f9qx_usb_device.o
    0x080016e4   0x080016e4   0x00000010   Code   RO          782    i.USB_DeviceReset   mdr32f9qx_usb_device.o
    0x080016f4   0x080016f4   0x0000001c   Code   RO          784    i.USB_DeviceSetFeature  mdr32f9qx_usb_device.o
    0x08001710   0x08001710   0x0000025c   Code   RO          785    i.USB_DeviceSetupPacket  mdr32f9qx_usb_device.o
    0x0800196c   0x0800196c   0x00000028   Code   RO          787    i.USB_Device_setAddressWork  mdr32f9qx_usb_device.o
    0x08001994   0x08001994   0x00000002   Code   RO          414    i.USB_DirCtrlEP     usbhw_mdr32f9x.o
    0x08001996   0x08001996   0x00000002   PAD
    0x08001998   0x08001998   0x00000020   Code   RO          415    i.USB_DisableEP     usbhw_mdr32f9x.o
    0x080019b8   0x080019b8   0x00000040   Code   RO          788    i.USB_EP_Idle       mdr32f9qx_usb_device.o
    0x080019f8   0x080019f8   0x00000048   Code   RO          789    i.USB_EP_Init       mdr32f9qx_usb_device.o
    0x08001a40   0x08001a40   0x0000002c   Code   RO          790    i.USB_EP_Reset      mdr32f9qx_usb_device.o
    0x08001a6c   0x08001a6c   0x0000002c   Code   RO          791    i.USB_EP_SetReady   mdr32f9qx_usb_device.o
    0x08001a98   0x08001a98   0x00000044   Code   RO          792    i.USB_EP_Stall      mdr32f9qx_usb_device.o
    0x08001adc   0x08001adc   0x0000004c   Code   RO          794    i.USB_EP_doDataIn   mdr32f9qx_usb_device.o
    0x08001b28   0x08001b28   0x0000003c   Code   RO          795    i.USB_EP_doDataOut  mdr32f9qx_usb_device.o
    0x08001b64   0x08001b64   0x0000007c   Code   RO          796    i.USB_EP_sendInDataPortion  mdr32f9qx_usb_device.o
    0x08001be0   0x08001be0   0x00000040   Code   RO          797    i.USB_EP_setSetupHandler  mdr32f9qx_usb_device.o
    0x08001c20   0x08001c20   0x0000002c   Code   RO          416    i.USB_EnableEP      usbhw_mdr32f9x.o
    0x08001c4c   0x08001c4c   0x00000350   Code   RO          282    i.USB_EndPoint0     usbcore.o
    0x08001f9c   0x08001f9c   0x00000002   Code   RO          580    i.USB_EndPoint1     usbuser.o
    0x08001f9e   0x08001f9e   0x00000002   Code   RO          587    i.USB_EndPoint2     usbuser.o
    0x08001fa0   0x08001fa0   0x00000002   Code   RO          595    i.USB_Error_Event   usbuser.o
    0x08001fa2   0x08001fa2   0x00000002   PAD
    0x08001fa4   0x08001fa4   0x0000010c   Code   RO          417    i.USB_IRQHandler    usbhw_mdr32f9x.o
    0x080020b0   0x080020b0   0x00000044   Code   RO          418    i.USB_Init          usbhw_mdr32f9x.o
    0x080020f4   0x080020f4   0x00000026   Code   RO          419    i.USB_IntrEna       usbhw_mdr32f9x.o
    0x0800211a   0x0800211a   0x00000002   PAD
    0x0800211c   0x0800211c   0x00000040   Code   RO          420    i.USB_ReadEP        usbhw_mdr32f9x.o
    0x0800215c   0x0800215c   0x00000168   Code   RO          349    i.USB_ReqGetDescriptor  usbcore.o
    0x080022c4   0x080022c4   0x000000c0   Code   RO          337    i.USB_ReqGetStatus  usbcore.o
    0x08002384   0x08002384   0x000000ec   Code   RO          343    i.USB_ReqSetClrFeature  usbcore.o
    0x08002470   0x08002470   0x000001b8   Code   RO          355    i.USB_ReqSetConfiguration  usbcore.o
    0x08002628   0x08002628   0x00000130   Code   RO          361    i.USB_ReqSetInterface  usbcore.o
    0x08002758   0x08002758   0x0000001e   Code   RO         2330    i.USB_Reset         mdr32f9qx_usb.o
    0x08002776   0x08002776   0x00000002   PAD
    0x08002778   0x08002778   0x0000003c   Code   RO          283    i.USB_ResetCore     usbcore.o
    0x080027b4   0x080027b4   0x0000000c   Code   RO          421    i.USB_ResetEP       usbhw_mdr32f9x.o
    0x080027c0   0x080027c0   0x00000040   Code   RO          422    i.USB_ResetIRQ      usbhw_mdr32f9x.o
    0x08002800   0x08002800   0x00000008   Code   RO          596    i.USB_Reset_Event   usbuser.o
    0x08002808   0x08002808   0x0000001c   Code   RO         2331    i.USB_SEPxToggleEPDATASEQ  mdr32f9qx_usb.o
    0x08002824   0x08002824   0x00000020   Code   RO          424    i.USB_SetAddress    usbhw_mdr32f9x.o
    0x08002844   0x08002844   0x00000020   Code   RO         2335    i.USB_SetHSCR       mdr32f9qx_usb.o
    0x08002864   0x08002864   0x0000000c   Code   RO         2344    i.USB_SetSA         mdr32f9qx_usb.o
    0x08002870   0x08002870   0x00000020   Code   RO         2345    i.USB_SetSC         mdr32f9qx_usb.o
    0x08002890   0x08002890   0x0000002c   Code   RO         2346    i.USB_SetSEPxCTRL   mdr32f9qx_usb.o
    0x080028bc   0x080028bc   0x00000010   Code   RO         2348    i.USB_SetSEPxTXFD   mdr32f9qx_usb.o
    0x080028cc   0x080028cc   0x00000010   Code   RO         2349    i.USB_SetSEPxTXFDC  mdr32f9qx_usb.o
    0x080028dc   0x080028dc   0x00000020   Code   RO         2350    i.USB_SetSIM        mdr32f9qx_usb.o
    0x080028fc   0x080028fc   0x0000000c   Code   RO         2351    i.USB_SetSIS        mdr32f9qx_usb.o
    0x08002908   0x08002908   0x0000000e   Code   RO          425    i.USB_SetStallEP    usbhw_mdr32f9x.o
    0x08002916   0x08002916   0x00000002   PAD
    0x08002918   0x08002918   0x00000010   Code   RO          284    i.USB_SetupStage    usbcore.o
    0x08002928   0x08002928   0x0000000e   Code   RO          285    i.USB_StatusInStage  usbcore.o
    0x08002936   0x08002936   0x00000002   PAD
    0x08002938   0x08002938   0x00000010   Code   RO          286    i.USB_StatusOutStage  usbcore.o
    0x08002948   0x08002948   0x00000002   Code   RO          428    i.USB_WakeUpCfg     usbhw_mdr32f9x.o
    0x0800294a   0x0800294a   0x00000002   PAD
    0x0800294c   0x0800294c   0x000000bc   Code   RO          429    i.USB_WriteEP       usbhw_mdr32f9x.o
    0x08002a08   0x08002a08   0x00000020   Code   RO         1103    i.Wait_Mouse_Clock_Hi  ps2phy.o
    0x08002a28   0x08002a28   0x00000020   Code   RO         1104    i.Wait_Mouse_Clock_Lo  ps2phy.o
    0x08002a48   0x08002a48   0x00000020   Code   RO         1105    i.Wait_Mouse_Data_Hi  ps2phy.o
    0x08002a68   0x08002a68   0x00000020   Code   RO         1106    i.Wait_Mouse_Data_Lo  ps2phy.o
    0x08002a88   0x08002a88   0x0000001c   Code   RO         1107    i.__NVIC_ClearPendingIRQ  ps2phy.o
    0x08002aa4   0x08002aa4   0x00000022   Code   RO         1108    i.__NVIC_EnableIRQ  ps2phy.o
    0x08002ac6   0x08002ac6   0x00000002   PAD
    0x08002ac8   0x08002ac8   0x00000014   Code   RO          712    i._delay_ms         systick.o
    0x08002adc   0x08002adc   0x00000028   Code   RO          713    i._delay_us         systick.o
    0x08002b04   0x08002b04   0x00000006   Code   RO         1307    i.getCol            matrix.o
    0x08002b0a   0x08002b0a   0x00000008   Code   RO         1308    i.getRow            matrix.o
    0x08002b12   0x08002b12   0x00000002   PAD
    0x08002b14   0x08002b14   0x00000108   Code   RO          157    i.main              main.o
    0x08002c1c   0x08002c1c   0x0000023c   Code   RO         1033    i.matrix_scan       kbms.o
    0x08002e58   0x08002e58   0x00000006   Code   RO         1262    i.uiQueTop          queue.o
    0x08002e5e   0x08002e5e   0x00000078   Data   RO          393    .constdata          usbdesc.o
    0x08002ed6   0x08002ed6   0x00000002   PAD
    0x08002ed8   0x08002ed8   0x00000040   Data   RO          597    .constdata          usbuser.o
    0x08002f18   0x08002f18   0x0000021d   Data   RO         1338    .constdata          config.o
    0x08003135   0x08003135   0x00000003   PAD
    0x08003138   0x08003138   0x00000020   Data   RO         2830    Region$$Table       anon$$obj.o


    Execution Region RW_IRAM1 (Exec base: 0x20000000, Load base: 0x08003158, Size: 0x00000b30, Max: 0x00008000, ABSOLUTE, COMPRESSED[0x00000138])

    Exec Addr    Load Addr    Size         Type   Attr      Idx    E Section Name        Object

    0x20000000   COMPRESSED   0x00000002   Data   RW           10    .data               hiduser.o
    0x20000002   COMPRESSED   0x00000032   Data   RW          159    .data               main.o
    0x20000034   COMPRESSED   0x00000030   Data   RW          287    .data               usbcore.o
    0x20000064   COMPRESSED   0x000000b3   Data   RW          394    .data               usbdesc.o
    0x20000117   COMPRESSED   0x00000001   PAD
    0x20000118   COMPRESSED   0x0000000e   Data   RW          431    .data               usbhw_mdr32f9x.o
    0x20000126   COMPRESSED   0x00000002   PAD
    0x20000128   COMPRESSED   0x00000010   Data   RW          714    .data               systick.o
    0x20000138   COMPRESSED   0x00000010   Data   RW          799    .data               mdr32f9qx_usb_device.o
    0x20000148   COMPRESSED   0x00000011   Data   RW         1034    .data               kbms.o
    0x20000159   COMPRESSED   0x00000001   PAD
    0x2000015a   COMPRESSED   0x0000000e   Data   RW         1109    .data               ps2phy.o
    0x20000168   COMPRESSED   0x00000101   Data   RW         1309    .data               matrix.o
    0x20000269   COMPRESSED   0x00000003   PAD
    0x2000026c   COMPRESSED   0x00000004   Data   RW         1376    .data               system_mdr32f9qx.o
    0x20000270        -       0x0000000c   Zero   RW          430    .bss                usbhw_mdr32f9x.o
    0x2000027c        -       0x000000bc   Zero   RW          798    .bss                mdr32f9qx_usb_device.o
    0x20000338        -       0x00000194   Zero   RW         1263    .bss                queue.o
    0x200004cc        -       0x00000060   Zero   RW         2704    .bss                c_w.l(libspace.o)
    0x2000052c   COMPRESSED   0x00000004   PAD
    0x20000530        -       0x00000200   Zero   RW         1365    HEAP                startup_mdr32f9qx.o
    0x20000730        -       0x00000400   Zero   RW         1364    STACK               startup_mdr32f9qx.o


==============================================================================

Image component sizes


      Code (inc. data)   RO Data    RW Data    ZI Data      Debug   Object Name

        48          8        541          0          0       2213   config.o
       256         70          0          2          0      70428   hiduser.o
      1408         60          0         17          0       5116   kbms.o
       952        110          0         50          0      11231   main.o
        74          6          0        257          0       2025   matrix.o
       504          6          0          0          0       2900   mdr32f9qx_port.o
       380         52          0          0          0       9744   mdr32f9qx_rst_clk.o
       314         70          0          0          0       7899   mdr32f9qx_usb.o
      1466        112          0         16        188      17051   mdr32f9qx_usb_device.o
      1438        160          0         14          0      36686   ps2phy.o
       302         12          0          0          0       1259   ps2protocol.o
        96          0          0          0        404       2808   queue.o
        64         26        192          0       1536        812   startup_mdr32f9qx.o
       208         24          0          4          0       1395   system_mdr32f9qx.o
       112         22          0         16          0       2346   systick.o
      2582        276          0         48          0      10809   usbcore.o
         0          0        120        179          0       1061   usbdesc.o
       860         74          0         14         12      56264   usbhw_mdr32f9x.o
        14          0         64          0          0       2603   usbuser.o

    ----------------------------------------------------------------------
     11098       1088        954        624       2140     244650   Object Totals
         0          0         32          0          0          0   (incl. Generated)
        20          0          5          7          0          0   (incl. Padding)

    ----------------------------------------------------------------------

      Code (inc. data)   RO Data    RW Data    ZI Data      Debug   Library Member Name

        90          0          0          0          0          0   __dczerorl2.o
         8          0          0          0          0         68   __main.o
         0          0          0          0          0          0   __rtentry.o
        12          0          0          0          0          0   __rtentry2.o
         6          0          0          0          0          0   __rtentry4.o
        52          8          0          0          0          0   __scatter.o
        28          0          0          0          0          0   __scatter_zi.o
        18          0          0          0          0         80   exit.o
         6          0          0          0          0        152   heapauxi.o
         0          0          0          0          0          0   indicate_semi.o
         2          0          0          0          0          0   libinit.o
         2          0          0          0          0          0   libinit2.o
         2          0          0          0          0          0   libshutdown.o
         2          0          0          0          0          0   libshutdown2.o
         8          4          0          0         96         68   libspace.o
       138          0          0          0          0         68   rt_memcpy_v6.o
       100          0          0          0          0         80   rt_memcpy_w.o
         2          0          0          0          0          0   rtexit.o
        10          0          0          0          0          0   rtexit2.o
        12          4          0          0          0         68   sys_exit.o
        74          0          0          0          0         80   sys_stackheap_outer.o
         2          0          0          0          0         68   use_no_semi.o

    ----------------------------------------------------------------------
       580         16          0          0        100        732   Library Totals
         6          0          0          0          4          0   (incl. Padding)

    ----------------------------------------------------------------------

      Code (inc. data)   RO Data    RW Data    ZI Data      Debug   Library Name

       574         16          0          0         96        732   c_w.l

    ----------------------------------------------------------------------
       580         16          0          0        100        732   Library Totals

    ----------------------------------------------------------------------

==============================================================================


      Code (inc. data)   RO Data    RW Data    ZI Data      Debug   

     11678       1104        954        624       2240     238514   Grand Totals
     11678       1104        954        312       2240     238514   ELF Image Totals (compressed)
     11678       1104        954        312          0          0   ROM Totals

==============================================================================

    Total RO  Size (Code + RO Data)                12632 (  12.34kB)
    Total RW  Size (RW Data + ZI Data)              2864 (   2.80kB)
    Total ROM Size (Code + RO Data + RW Data)      12944 (  12.64kB)

==============================================================================

